[2024-01-04T00:39:56.101+0100][gc,heap] Heap region size: 1M
[2024-01-04T00:39:56.140+0100][gc     ] Using G1
[2024-01-04T00:39:56.140+0100][gc,heap,coops] Heap address: 0x00000000c0000000, size: 1024 MB, Compressed Oops mode: 32-bit
[2024-01-04T00:39:56.142+0100][gc,cds       ] Mark closed archive regions in map: [0x00000000fff00000, 0x00000000fff6aff8]
[2024-01-04T00:39:56.142+0100][gc,cds       ] Mark open archive regions in map: [0x00000000ffe00000, 0x00000000ffe47ff8]
[2024-01-04T00:39:58.747+0100][gc,start     ] GC(0) Pause Young (Normal) (G1 Evacuation Pause)
[2024-01-04T00:39:58.750+0100][gc,task      ] GC(0) Using 2 workers of 2 for evacuation
[2024-01-04T00:39:58.878+0100][gc,mmu       ] GC(0) MMU target violated: 21,0ms (20,0ms/21,0ms)
[2024-01-04T00:39:58.878+0100][gc,phases    ] GC(0)   Pre Evacuate Collection Set: 0,0ms
[2024-01-04T00:39:58.878+0100][gc,phases    ] GC(0)   Evacuate Collection Set: 127,2ms
[2024-01-04T00:39:58.878+0100][gc,phases    ] GC(0)   Post Evacuate Collection Set: 0,6ms
[2024-01-04T00:39:58.878+0100][gc,phases    ] GC(0)   Other: 3,2ms
[2024-01-04T00:39:58.878+0100][gc,heap      ] GC(0) Eden regions: 51->0(44)
[2024-01-04T00:39:58.878+0100][gc,heap      ] GC(0) Survivor regions: 0->7(7)
[2024-01-04T00:39:58.878+0100][gc,heap      ] GC(0) Old regions: 2->2
[2024-01-04T00:39:58.878+0100][gc,heap      ] GC(0) Humongous regions: 0->0
[2024-01-04T00:39:58.878+0100][gc,metaspace ] GC(0) Metaspace: 14417K(15104K)->14417K(15104K) NonClass: 12404K(12800K)->12404K(12800K) Class: 2012K(2304K)->2012K(2304K)
[2024-01-04T00:39:58.878+0100][gc           ] GC(0) Pause Young (Normal) (G1 Evacuation Pause) 51M->7M(1024M) 131,110ms
[2024-01-04T00:39:58.878+0100][gc,cpu       ] GC(0) User=0,04s Sys=0,07s Real=0,13s
[2024-01-04T00:40:00.341+0100][gc,start     ] GC(1) Pause Young (Concurrent Start) (Metadata GC Threshold)
[2024-01-04T00:40:00.341+0100][gc,task      ] GC(1) Using 2 workers of 2 for evacuation
[2024-01-04T00:40:00.419+0100][gc,mmu       ] GC(1) MMU target violated: 21,0ms (20,0ms/21,0ms)
[2024-01-04T00:40:00.419+0100][gc,phases    ] GC(1)   Pre Evacuate Collection Set: 0,1ms
[2024-01-04T00:40:00.419+0100][gc,phases    ] GC(1)   Evacuate Collection Set: 76,4ms
[2024-01-04T00:40:00.419+0100][gc,phases    ] GC(1)   Post Evacuate Collection Set: 1,0ms
[2024-01-04T00:40:00.419+0100][gc,phases    ] GC(1)   Other: 0,5ms
[2024-01-04T00:40:00.419+0100][gc,heap      ] GC(1) Eden regions: 27->0(50)
[2024-01-04T00:40:00.419+0100][gc,heap      ] GC(1) Survivor regions: 7->1(7)
[2024-01-04T00:40:00.419+0100][gc,heap      ] GC(1) Old regions: 2->9
[2024-01-04T00:40:00.419+0100][gc,heap      ] GC(1) Humongous regions: 0->0
[2024-01-04T00:40:00.419+0100][gc,metaspace ] GC(1) Metaspace: 20612K(21248K)->20612K(21248K) NonClass: 17812K(18176K)->17812K(18176K) Class: 2799K(3072K)->2799K(3072K)
[2024-01-04T00:40:00.419+0100][gc           ] GC(1) Pause Young (Concurrent Start) (Metadata GC Threshold) 33M->8M(1024M) 78,028ms
[2024-01-04T00:40:00.419+0100][gc,cpu       ] GC(1) User=0,04s Sys=0,04s Real=0,08s
[2024-01-04T00:40:00.419+0100][gc           ] GC(2) Concurrent Cycle
[2024-01-04T00:40:00.420+0100][gc,marking   ] GC(2) Concurrent Clear Claimed Marks
[2024-01-04T00:40:00.420+0100][gc,marking   ] GC(2) Concurrent Clear Claimed Marks 0,054ms
[2024-01-04T00:40:00.420+0100][gc,marking   ] GC(2) Concurrent Scan Root Regions
[2024-01-04T00:40:00.424+0100][gc,marking   ] GC(2) Concurrent Scan Root Regions 4,624ms
[2024-01-04T00:40:00.424+0100][gc,marking   ] GC(2) Concurrent Mark (4,334s)
[2024-01-04T00:40:00.424+0100][gc,marking   ] GC(2) Concurrent Mark From Roots
[2024-01-04T00:40:00.424+0100][gc,task      ] GC(2) Using 1 workers of 1 for marking
[2024-01-04T00:40:00.435+0100][gc,marking   ] GC(2) Concurrent Mark From Roots 10,541ms
[2024-01-04T00:40:00.435+0100][gc,marking   ] GC(2) Concurrent Preclean
[2024-01-04T00:40:00.435+0100][gc,marking   ] GC(2) Concurrent Preclean 0,113ms
[2024-01-04T00:40:00.435+0100][gc,marking   ] GC(2) Concurrent Mark (4,334s, 4,345s) 10,725ms
[2024-01-04T00:40:00.436+0100][gc,start     ] GC(2) Pause Remark
[2024-01-04T00:40:00.439+0100][gc,stringtable] GC(2) Cleaned string and symbol table, strings: 5168 processed, 0 removed, symbols: 52382 processed, 60 removed
[2024-01-04T00:40:00.440+0100][gc            ] GC(2) Pause Remark 8M->8M(1024M) 4,278ms
[2024-01-04T00:40:00.440+0100][gc,cpu        ] GC(2) User=0,00s Sys=0,01s Real=0,00s
[2024-01-04T00:40:00.440+0100][gc,marking    ] GC(2) Concurrent Rebuild Remembered Sets
[2024-01-04T00:40:00.453+0100][gc,marking    ] GC(2) Concurrent Rebuild Remembered Sets 12,939ms
[2024-01-04T00:40:00.454+0100][gc,start      ] GC(2) Pause Cleanup
[2024-01-04T00:40:00.456+0100][gc            ] GC(2) Pause Cleanup 8M->8M(1024M) 2,538ms
[2024-01-04T00:40:00.456+0100][gc,cpu        ] GC(2) User=0,00s Sys=0,00s Real=0,01s
[2024-01-04T00:40:00.458+0100][gc,marking    ] GC(2) Concurrent Cleanup for Next Mark
[2024-01-04T00:40:00.693+0100][gc,marking    ] GC(2) Concurrent Cleanup for Next Mark 235,074ms
[2024-01-04T00:40:00.693+0100][gc            ] GC(2) Concurrent Cycle 273,609ms
[2024-01-04T00:40:03.038+0100][gc,start      ] GC(3) Pause Young (Normal) (G1 Evacuation Pause)
[2024-01-04T00:40:03.038+0100][gc,task       ] GC(3) Using 2 workers of 2 for evacuation
[2024-01-04T00:40:03.047+0100][gc,phases     ] GC(3)   Pre Evacuate Collection Set: 0,1ms
[2024-01-04T00:40:03.047+0100][gc,phases     ] GC(3)   Evacuate Collection Set: 8,3ms
[2024-01-04T00:40:03.047+0100][gc,phases     ] GC(3)   Post Evacuate Collection Set: 0,8ms
[2024-01-04T00:40:03.047+0100][gc,phases     ] GC(3)   Other: 0,3ms
[2024-01-04T00:40:03.047+0100][gc,heap       ] GC(3) Eden regions: 50->0(46)
[2024-01-04T00:40:03.047+0100][gc,heap       ] GC(3) Survivor regions: 1->5(7)
[2024-01-04T00:40:03.047+0100][gc,heap       ] GC(3) Old regions: 9->9
[2024-01-04T00:40:03.047+0100][gc,heap       ] GC(3) Humongous regions: 129->129
[2024-01-04T00:40:03.047+0100][gc,metaspace  ] GC(3) Metaspace: 29051K(30336K)->29051K(30336K) NonClass: 25327K(26112K)->25327K(26112K) Class: 3724K(4224K)->3724K(4224K)
[2024-01-04T00:40:03.047+0100][gc            ] GC(3) Pause Young (Normal) (G1 Evacuation Pause) 187M->140M(1024M) 9,628ms
[2024-01-04T00:40:03.047+0100][gc,cpu        ] GC(3) User=0,02s Sys=0,00s Real=0,02s
[2024-01-04T00:40:04.111+0100][gc,start      ] GC(4) Pause Young (Concurrent Start) (Metadata GC Threshold)
[2024-01-04T00:40:04.111+0100][gc,task       ] GC(4) Using 2 workers of 2 for evacuation
[2024-01-04T00:40:04.142+0100][gc,mmu        ] GC(4) MMU target violated: 21,0ms (20,0ms/21,0ms)
[2024-01-04T00:40:04.142+0100][gc,phases     ] GC(4)   Pre Evacuate Collection Set: 0,1ms
[2024-01-04T00:40:04.142+0100][gc,phases     ] GC(4)   Evacuate Collection Set: 29,9ms
[2024-01-04T00:40:04.142+0100][gc,phases     ] GC(4)   Post Evacuate Collection Set: 0,4ms
[2024-01-04T00:40:04.142+0100][gc,phases     ] GC(4)   Other: 0,9ms
[2024-01-04T00:40:04.142+0100][gc,heap       ] GC(4) Eden regions: 28->0(45)
[2024-01-04T00:40:04.142+0100][gc,heap       ] GC(4) Survivor regions: 5->6(7)
[2024-01-04T00:40:04.142+0100][gc,heap       ] GC(4) Old regions: 9->10
[2024-01-04T00:40:04.142+0100][gc,heap       ] GC(4) Humongous regions: 129->129
[2024-01-04T00:40:04.142+0100][gc,metaspace  ] GC(4) Metaspace: 34467K(35840K)->34467K(35840K) NonClass: 30081K(30848K)->30081K(30848K) Class: 4386K(4992K)->4386K(4992K)
[2024-01-04T00:40:04.142+0100][gc            ] GC(4) Pause Young (Concurrent Start) (Metadata GC Threshold) 168M->142M(1024M) 30,966ms
[2024-01-04T00:40:04.142+0100][gc,cpu        ] GC(4) User=0,03s Sys=0,02s Real=0,03s
[2024-01-04T00:40:04.142+0100][gc            ] GC(5) Concurrent Cycle
[2024-01-04T00:40:04.142+0100][gc,marking    ] GC(5) Concurrent Clear Claimed Marks
[2024-01-04T00:40:04.142+0100][gc,marking    ] GC(5) Concurrent Clear Claimed Marks 0,119ms
[2024-01-04T00:40:04.142+0100][gc,marking    ] GC(5) Concurrent Scan Root Regions
[2024-01-04T00:40:04.148+0100][gc,marking    ] GC(5) Concurrent Scan Root Regions 5,616ms
[2024-01-04T00:40:04.148+0100][gc,marking    ] GC(5) Concurrent Mark (8,058s)
[2024-01-04T00:40:04.148+0100][gc,marking    ] GC(5) Concurrent Mark From Roots
[2024-01-04T00:40:04.148+0100][gc,task       ] GC(5) Using 1 workers of 1 for marking
[2024-01-04T00:40:04.205+0100][gc,marking    ] GC(5) Concurrent Mark From Roots 57,438ms
[2024-01-04T00:40:04.206+0100][gc,marking    ] GC(5) Concurrent Preclean
[2024-01-04T00:40:04.206+0100][gc,marking    ] GC(5) Concurrent Preclean 0,255ms
[2024-01-04T00:40:04.206+0100][gc,marking    ] GC(5) Concurrent Mark (8,058s, 8,116s) 58,262ms
[2024-01-04T00:40:04.239+0100][gc,start      ] GC(5) Pause Remark
[2024-01-04T00:40:04.243+0100][gc,stringtable] GC(5) Cleaned string and symbol table, strings: 10738 processed, 12 removed, symbols: 84967 processed, 16 removed
[2024-01-04T00:40:04.244+0100][gc            ] GC(5) Pause Remark 146M->146M(1024M) 4,383ms
[2024-01-04T00:40:04.244+0100][gc,cpu        ] GC(5) User=0,01s Sys=0,00s Real=0,02s
[2024-01-04T00:40:04.244+0100][gc,marking    ] GC(5) Concurrent Rebuild Remembered Sets
[2024-01-04T00:40:04.250+0100][gc,marking    ] GC(5) Concurrent Rebuild Remembered Sets 6,435ms
[2024-01-04T00:40:04.294+0100][gc,start      ] GC(5) Pause Cleanup
[2024-01-04T00:40:04.294+0100][gc            ] GC(5) Pause Cleanup 146M->146M(1024M) 0,229ms
[2024-01-04T00:40:04.294+0100][gc,cpu        ] GC(5) User=0,00s Sys=0,00s Real=0,00s
[2024-01-04T00:40:04.294+0100][gc,marking    ] GC(5) Concurrent Cleanup for Next Mark
[2024-01-04T00:40:04.615+0100][gc,marking    ] GC(5) Concurrent Cleanup for Next Mark 321,254ms
[2024-01-04T00:40:04.615+0100][gc            ] GC(5) Concurrent Cycle 473,141ms
[2024-01-04T00:47:20.338+0100][gc,heap,exit  ] Heap
[2024-01-04T00:47:20.338+0100][gc,heap,exit  ]  garbage-first heap   total 1048576K, used 186655K [0x00000000c0000000, 0x0000000100000000)
[2024-01-04T00:47:20.338+0100][gc,heap,exit  ]   region size 1024K, 48 young (49152K), 6 survivors (6144K)
[2024-01-04T00:47:20.338+0100][gc,heap,exit  ]  Metaspace       used 40892K, capacity 43249K, committed 43392K, reserved 1085440K
[2024-01-04T00:47:20.338+0100][gc,heap,exit  ]   class space    used 5742K, capacity 6940K, committed 7040K, reserved 1048576K
