[2024-01-04T00:48:01.365+0100][gc,heap] Heap region size: 1M
[2024-01-04T00:48:01.375+0100][gc     ] Using G1
[2024-01-04T00:48:01.375+0100][gc,heap,coops] Heap address: 0x00000000c0000000, size: 1024 MB, Compressed Oops mode: 32-bit
[2024-01-04T00:48:01.376+0100][gc,cds       ] Mark closed archive regions in map: [0x00000000fff00000, 0x00000000fff6aff8]
[2024-01-04T00:48:01.376+0100][gc,cds       ] Mark open archive regions in map: [0x00000000ffe00000, 0x00000000ffe47ff8]
[2024-01-04T00:48:03.755+0100][gc,start     ] GC(0) Pause Young (Normal) (G1 Evacuation Pause)
[2024-01-04T00:48:03.758+0100][gc,task      ] GC(0) Using 2 workers of 2 for evacuation
[2024-01-04T00:48:03.809+0100][gc,mmu       ] GC(0) MMU target violated: 21,0ms (20,0ms/21,0ms)
[2024-01-04T00:48:03.809+0100][gc,phases    ] GC(0)   Pre Evacuate Collection Set: 0,0ms
[2024-01-04T00:48:03.809+0100][gc,phases    ] GC(0)   Evacuate Collection Set: 47,0ms
[2024-01-04T00:48:03.809+0100][gc,phases    ] GC(0)   Post Evacuate Collection Set: 3,6ms
[2024-01-04T00:48:03.809+0100][gc,phases    ] GC(0)   Other: 3,6ms
[2024-01-04T00:48:03.809+0100][gc,heap      ] GC(0) Eden regions: 51->0(44)
[2024-01-04T00:48:03.809+0100][gc,heap      ] GC(0) Survivor regions: 0->7(7)
[2024-01-04T00:48:03.809+0100][gc,heap      ] GC(0) Old regions: 2->2
[2024-01-04T00:48:03.809+0100][gc,heap      ] GC(0) Humongous regions: 0->0
[2024-01-04T00:48:03.809+0100][gc,metaspace ] GC(0) Metaspace: 14441K(15104K)->14441K(15104K) NonClass: 12428K(12800K)->12428K(12800K) Class: 2012K(2304K)->2012K(2304K)
[2024-01-04T00:48:03.809+0100][gc           ] GC(0) Pause Young (Normal) (G1 Evacuation Pause) 51M->7M(1024M) 54,334ms
[2024-01-04T00:48:03.809+0100][gc,cpu       ] GC(0) User=0,01s Sys=0,02s Real=0,05s
[2024-01-04T00:48:04.755+0100][gc,start     ] GC(1) Pause Young (Concurrent Start) (Metadata GC Threshold)
[2024-01-04T00:48:04.755+0100][gc,task      ] GC(1) Using 2 workers of 2 for evacuation
[2024-01-04T00:48:04.796+0100][gc,mmu       ] GC(1) MMU target violated: 21,0ms (20,0ms/21,0ms)
[2024-01-04T00:48:04.796+0100][gc,phases    ] GC(1)   Pre Evacuate Collection Set: 0,1ms
[2024-01-04T00:48:04.796+0100][gc,phases    ] GC(1)   Evacuate Collection Set: 30,6ms
[2024-01-04T00:48:04.796+0100][gc,phases    ] GC(1)   Post Evacuate Collection Set: 10,4ms
[2024-01-04T00:48:04.796+0100][gc,phases    ] GC(1)   Other: 0,9ms
[2024-01-04T00:48:04.796+0100][gc,heap      ] GC(1) Eden regions: 26->0(50)
[2024-01-04T00:48:04.796+0100][gc,heap      ] GC(1) Survivor regions: 7->1(7)
[2024-01-04T00:48:04.796+0100][gc,heap      ] GC(1) Old regions: 2->9
[2024-01-04T00:48:04.796+0100][gc,heap      ] GC(1) Humongous regions: 0->0
[2024-01-04T00:48:04.796+0100][gc,metaspace ] GC(1) Metaspace: 20582K(21248K)->20582K(21248K) NonClass: 17812K(18176K)->17812K(18176K) Class: 2770K(3072K)->2770K(3072K)
[2024-01-04T00:48:04.797+0100][gc           ] GC(1) Pause Young (Concurrent Start) (Metadata GC Threshold) 33M->8M(1024M) 41,991ms
[2024-01-04T00:48:04.797+0100][gc,cpu       ] GC(1) User=0,01s Sys=0,02s Real=0,05s
[2024-01-04T00:48:04.797+0100][gc           ] GC(2) Concurrent Cycle
[2024-01-04T00:48:04.797+0100][gc,marking   ] GC(2) Concurrent Clear Claimed Marks
[2024-01-04T00:48:04.797+0100][gc,marking   ] GC(2) Concurrent Clear Claimed Marks 0,063ms
[2024-01-04T00:48:04.797+0100][gc,marking   ] GC(2) Concurrent Scan Root Regions
[2024-01-04T00:48:04.799+0100][gc,marking   ] GC(2) Concurrent Scan Root Regions 1,663ms
[2024-01-04T00:48:04.799+0100][gc,marking   ] GC(2) Concurrent Mark (3,445s)
[2024-01-04T00:48:04.799+0100][gc,marking   ] GC(2) Concurrent Mark From Roots
[2024-01-04T00:48:04.799+0100][gc,task      ] GC(2) Using 1 workers of 1 for marking
[2024-01-04T00:48:04.837+0100][gc,marking   ] GC(2) Concurrent Mark From Roots 38,267ms
[2024-01-04T00:48:04.837+0100][gc,marking   ] GC(2) Concurrent Preclean
[2024-01-04T00:48:04.837+0100][gc,marking   ] GC(2) Concurrent Preclean 0,058ms
[2024-01-04T00:48:04.837+0100][gc,marking   ] GC(2) Concurrent Mark (3,445s, 3,483s) 38,387ms
[2024-01-04T00:48:04.837+0100][gc,start     ] GC(2) Pause Remark
[2024-01-04T00:48:04.840+0100][gc,stringtable] GC(2) Cleaned string and symbol table, strings: 5143 processed, 0 removed, symbols: 53343 processed, 57 removed
[2024-01-04T00:48:04.842+0100][gc            ] GC(2) Pause Remark 9M->9M(1024M) 4,139ms
[2024-01-04T00:48:04.842+0100][gc,cpu        ] GC(2) User=0,00s Sys=0,01s Real=0,00s
[2024-01-04T00:48:04.842+0100][gc,marking    ] GC(2) Concurrent Rebuild Remembered Sets
[2024-01-04T00:48:04.870+0100][gc,marking    ] GC(2) Concurrent Rebuild Remembered Sets 28,613ms
[2024-01-04T00:48:04.871+0100][gc,start      ] GC(2) Pause Cleanup
[2024-01-04T00:48:04.871+0100][gc            ] GC(2) Pause Cleanup 10M->10M(1024M) 0,284ms
[2024-01-04T00:48:04.871+0100][gc,cpu        ] GC(2) User=0,00s Sys=0,00s Real=0,00s
[2024-01-04T00:48:04.871+0100][gc,marking    ] GC(2) Concurrent Cleanup for Next Mark
[2024-01-04T00:48:04.900+0100][gc,marking    ] GC(2) Concurrent Cleanup for Next Mark 28,553ms
[2024-01-04T00:48:04.900+0100][gc            ] GC(2) Concurrent Cycle 103,314ms
[2024-01-04T00:48:06.139+0100][gc,start      ] GC(3) Pause Young (Concurrent Start) (G1 Evacuation Pause)
[2024-01-04T00:48:06.139+0100][gc,task       ] GC(3) Using 2 workers of 2 for evacuation
[2024-01-04T00:48:06.147+0100][gc,phases     ] GC(3)   Pre Evacuate Collection Set: 0,1ms
[2024-01-04T00:48:06.147+0100][gc,phases     ] GC(3)   Evacuate Collection Set: 6,6ms
[2024-01-04T00:48:06.147+0100][gc,phases     ] GC(3)   Post Evacuate Collection Set: 0,4ms
[2024-01-04T00:48:06.147+0100][gc,phases     ] GC(3)   Other: 0,4ms
[2024-01-04T00:48:06.147+0100][gc,heap       ] GC(3) Eden regions: 50->0(47)
[2024-01-04T00:48:06.147+0100][gc,heap       ] GC(3) Survivor regions: 1->4(7)
[2024-01-04T00:48:06.147+0100][gc,heap       ] GC(3) Old regions: 9->9
[2024-01-04T00:48:06.147+0100][gc,heap       ] GC(3) Humongous regions: 129->129
[2024-01-04T00:48:06.147+0100][gc,metaspace  ] GC(3) Metaspace: 29442K(30720K)->29442K(30720K) NonClass: 25640K(26368K)->25640K(26368K) Class: 3802K(4352K)->3802K(4352K)
[2024-01-04T00:48:06.147+0100][gc            ] GC(3) Pause Young (Concurrent Start) (G1 Evacuation Pause) 187M->139M(1024M) 7,629ms
[2024-01-04T00:48:06.147+0100][gc,cpu        ] GC(3) User=0,00s Sys=0,00s Real=0,01s
[2024-01-04T00:48:06.147+0100][gc            ] GC(4) Concurrent Cycle
[2024-01-04T00:48:06.147+0100][gc,marking    ] GC(4) Concurrent Clear Claimed Marks
[2024-01-04T00:48:06.147+0100][gc,marking    ] GC(4) Concurrent Clear Claimed Marks 0,078ms
[2024-01-04T00:48:06.147+0100][gc,marking    ] GC(4) Concurrent Scan Root Regions
[2024-01-04T00:48:06.150+0100][gc,marking    ] GC(4) Concurrent Scan Root Regions 2,903ms
[2024-01-04T00:48:06.150+0100][gc,marking    ] GC(4) Concurrent Mark (4,796s)
[2024-01-04T00:48:06.150+0100][gc,marking    ] GC(4) Concurrent Mark From Roots
[2024-01-04T00:48:06.150+0100][gc,task       ] GC(4) Using 1 workers of 1 for marking
[2024-01-04T00:48:06.158+0100][gc,marking    ] GC(4) Concurrent Mark From Roots 8,430ms
[2024-01-04T00:48:06.158+0100][gc,marking    ] GC(4) Concurrent Preclean
[2024-01-04T00:48:06.158+0100][gc,marking    ] GC(4) Concurrent Preclean 0,055ms
[2024-01-04T00:48:06.158+0100][gc,marking    ] GC(4) Concurrent Mark (4,796s, 4,805s) 8,539ms
[2024-01-04T00:48:06.159+0100][gc,start      ] GC(4) Pause Remark
[2024-01-04T00:48:06.163+0100][gc,stringtable] GC(4) Cleaned string and symbol table, strings: 8165 processed, 14 removed, symbols: 67796 processed, 10 removed
[2024-01-04T00:48:06.163+0100][gc            ] GC(4) Pause Remark 140M->140M(1024M) 3,839ms
[2024-01-04T00:48:06.163+0100][gc,cpu        ] GC(4) User=0,01s Sys=0,00s Real=0,01s
[2024-01-04T00:48:06.163+0100][gc,marking    ] GC(4) Concurrent Rebuild Remembered Sets
[2024-01-04T00:48:06.168+0100][gc,marking    ] GC(4) Concurrent Rebuild Remembered Sets 4,635ms
[2024-01-04T00:48:06.169+0100][gc,start      ] GC(4) Pause Cleanup
[2024-01-04T00:48:06.169+0100][gc            ] GC(4) Pause Cleanup 140M->140M(1024M) 0,293ms
[2024-01-04T00:48:06.169+0100][gc,cpu        ] GC(4) User=0,00s Sys=0,00s Real=0,00s
[2024-01-04T00:48:06.169+0100][gc,marking    ] GC(4) Concurrent Cleanup for Next Mark
[2024-01-04T00:48:06.266+0100][gc,marking    ] GC(4) Concurrent Cleanup for Next Mark 96,813ms
[2024-01-04T00:48:06.266+0100][gc            ] GC(4) Concurrent Cycle 119,178ms
[2024-01-04T00:48:07.509+0100][gc,heap,exit  ] Heap
[2024-01-04T00:48:07.509+0100][gc,heap,exit  ]  garbage-first heap   total 1048576K, used 163811K [0x00000000c0000000, 0x0000000100000000)
[2024-01-04T00:48:07.509+0100][gc,heap,exit  ]   region size 1024K, 26 young (26624K), 4 survivors (4096K)
[2024-01-04T00:48:07.509+0100][gc,heap,exit  ]  Metaspace       used 32716K, capacity 34101K, committed 34304K, reserved 1079296K
[2024-01-04T00:48:07.509+0100][gc,heap,exit  ]   class space    used 4362K, capacity 5016K, committed 5120K, reserved 1048576K
