[2024-01-04T13:32:55.829+0100][gc,heap] Heap region size: 1M
[2024-01-04T13:32:55.932+0100][gc     ] Using G1
[2024-01-04T13:32:55.932+0100][gc,heap,coops] Heap address: 0x00000000c0000000, size: 1024 MB, Compressed Oops mode: 32-bit
[2024-01-04T13:32:55.935+0100][gc,cds       ] Mark closed archive regions in map: [0x00000000fff00000, 0x00000000fff6aff8]
[2024-01-04T13:32:55.935+0100][gc,cds       ] Mark open archive regions in map: [0x00000000ffe00000, 0x00000000ffe47ff8]
[2024-01-04T13:33:02.093+0100][gc,start     ] GC(0) Pause Young (Normal) (G1 Evacuation Pause)
[2024-01-04T13:33:02.106+0100][gc,task      ] GC(0) Using 2 workers of 2 for evacuation
[2024-01-04T13:33:02.231+0100][gc,mmu       ] GC(0) MMU target violated: 21,0ms (20,0ms/21,0ms)
[2024-01-04T13:33:02.231+0100][gc,phases    ] GC(0)   Pre Evacuate Collection Set: 0,0ms
[2024-01-04T13:33:02.231+0100][gc,phases    ] GC(0)   Evacuate Collection Set: 123,5ms
[2024-01-04T13:33:02.231+0100][gc,phases    ] GC(0)   Post Evacuate Collection Set: 0,5ms
[2024-01-04T13:33:02.231+0100][gc,phases    ] GC(0)   Other: 14,3ms
[2024-01-04T13:33:02.231+0100][gc,heap      ] GC(0) Eden regions: 51->0(44)
[2024-01-04T13:33:02.231+0100][gc,heap      ] GC(0) Survivor regions: 0->7(7)
[2024-01-04T13:33:02.231+0100][gc,heap      ] GC(0) Old regions: 2->2
[2024-01-04T13:33:02.231+0100][gc,heap      ] GC(0) Humongous regions: 0->0
[2024-01-04T13:33:02.231+0100][gc,metaspace ] GC(0) Metaspace: 14463K(15104K)->14463K(15104K) NonClass: 12447K(12800K)->12447K(12800K) Class: 2015K(2304K)->2015K(2304K)
[2024-01-04T13:33:02.231+0100][gc           ] GC(0) Pause Young (Normal) (G1 Evacuation Pause) 51M->7M(1024M) 138,420ms
[2024-01-04T13:33:02.231+0100][gc,cpu       ] GC(0) User=0,03s Sys=0,05s Real=0,14s
[2024-01-04T13:33:21.389+0100][gc,heap,exit ] Heap
[2024-01-04T13:33:21.390+0100][gc,heap,exit ]  garbage-first heap   total 1048576K, used 11420K [0x00000000c0000000, 0x0000000100000000)
[2024-01-04T13:33:21.390+0100][gc,heap,exit ]   region size 1024K, 12 young (12288K), 7 survivors (7168K)
[2024-01-04T13:33:21.390+0100][gc,heap,exit ]  Metaspace       used 15255K, capacity 15788K, committed 16000K, reserved 1062912K
[2024-01-04T13:33:21.390+0100][gc,heap,exit ]   class space    used 2113K, capacity 2330K, committed 2432K, reserved 1048576K
