[2024-01-04T00:49:05.149+0100][gc,heap] Heap region size: 1M
[2024-01-04T00:49:05.157+0100][gc     ] Using G1
[2024-01-04T00:49:05.157+0100][gc,heap,coops] Heap address: 0x00000000c0000000, size: 1024 MB, Compressed Oops mode: 32-bit
[2024-01-04T00:49:05.158+0100][gc,cds       ] Mark closed archive regions in map: [0x00000000fff00000, 0x00000000fff6aff8]
[2024-01-04T00:49:05.158+0100][gc,cds       ] Mark open archive regions in map: [0x00000000ffe00000, 0x00000000ffe47ff8]
[2024-01-04T00:49:06.293+0100][gc,heap,exit ] Heap
[2024-01-04T00:49:06.293+0100][gc,heap,exit ]  garbage-first heap   total 1048576K, used 33484K [0x00000000c0000000, 0x0000000100000000)
[2024-01-04T00:49:06.293+0100][gc,heap,exit ]   region size 1024K, 33 young (33792K), 0 survivors (0K)
[2024-01-04T00:49:06.293+0100][gc,heap,exit ]  Metaspace       used 9673K, capacity 9956K, committed 10112K, reserved 1058816K
[2024-01-04T00:49:06.293+0100][gc,heap,exit ]   class space    used 1270K, capacity 1367K, committed 1408K, reserved 1048576K
