[2024-01-04T01:58:24.146+0100][gc,heap] Heap region size: 1M
[2024-01-04T01:58:24.156+0100][gc     ] Using G1
[2024-01-04T01:58:24.156+0100][gc,heap,coops] Heap address: 0x00000000c0000000, size: 1024 MB, Compressed Oops mode: 32-bit
[2024-01-04T01:58:24.156+0100][gc,cds       ] Mark closed archive regions in map: [0x00000000fff00000, 0x00000000fff6aff8]
[2024-01-04T01:58:24.156+0100][gc,cds       ] Mark open archive regions in map: [0x00000000ffe00000, 0x00000000ffe47ff8]
[2024-01-04T01:58:25.416+0100][gc,start     ] GC(0) Pause Young (Normal) (G1 Evacuation Pause)
[2024-01-04T01:58:25.416+0100][gc,task      ] GC(0) Using 2 workers of 2 for evacuation
[2024-01-04T01:58:25.430+0100][gc,phases    ] GC(0)   Pre Evacuate Collection Set: 0,0ms
[2024-01-04T01:58:25.430+0100][gc,phases    ] GC(0)   Evacuate Collection Set: 12,4ms
[2024-01-04T01:58:25.430+0100][gc,phases    ] GC(0)   Post Evacuate Collection Set: 1,4ms
[2024-01-04T01:58:25.430+0100][gc,phases    ] GC(0)   Other: 0,3ms
[2024-01-04T01:58:25.430+0100][gc,heap      ] GC(0) Eden regions: 51->0(44)
[2024-01-04T01:58:25.430+0100][gc,heap      ] GC(0) Survivor regions: 0->7(7)
[2024-01-04T01:58:25.430+0100][gc,heap      ] GC(0) Old regions: 2->2
[2024-01-04T01:58:25.430+0100][gc,heap      ] GC(0) Humongous regions: 0->0
[2024-01-04T01:58:25.430+0100][gc,metaspace ] GC(0) Metaspace: 14334K(15104K)->14334K(15104K) NonClass: 12325K(12800K)->12325K(12800K) Class: 2008K(2304K)->2008K(2304K)
[2024-01-04T01:58:25.430+0100][gc           ] GC(0) Pause Young (Normal) (G1 Evacuation Pause) 51M->7M(1024M) 14,227ms
[2024-01-04T01:58:25.430+0100][gc,cpu       ] GC(0) User=0,01s Sys=0,00s Real=0,02s
[2024-01-04T01:58:26.059+0100][gc,start     ] GC(1) Pause Young (Concurrent Start) (Metadata GC Threshold)
[2024-01-04T01:58:26.059+0100][gc,task      ] GC(1) Using 2 workers of 2 for evacuation
[2024-01-04T01:58:26.090+0100][gc,mmu       ] GC(1) MMU target violated: 21,0ms (20,0ms/21,0ms)
[2024-01-04T01:58:26.090+0100][gc,phases    ] GC(1)   Pre Evacuate Collection Set: 0,1ms
[2024-01-04T01:58:26.090+0100][gc,phases    ] GC(1)   Evacuate Collection Set: 21,3ms
[2024-01-04T01:58:26.090+0100][gc,phases    ] GC(1)   Post Evacuate Collection Set: 0,9ms
[2024-01-04T01:58:26.090+0100][gc,phases    ] GC(1)   Other: 8,8ms
[2024-01-04T01:58:26.090+0100][gc,heap      ] GC(1) Eden regions: 27->0(49)
[2024-01-04T01:58:26.090+0100][gc,heap      ] GC(1) Survivor regions: 7->2(7)
[2024-01-04T01:58:26.090+0100][gc,heap      ] GC(1) Old regions: 2->9
[2024-01-04T01:58:26.090+0100][gc,heap      ] GC(1) Humongous regions: 0->0
[2024-01-04T01:58:26.090+0100][gc,metaspace ] GC(1) Metaspace: 20520K(21248K)->20520K(21248K) NonClass: 17751K(18176K)->17751K(18176K) Class: 2769K(3072K)->2769K(3072K)
[2024-01-04T01:58:26.090+0100][gc           ] GC(1) Pause Young (Concurrent Start) (Metadata GC Threshold) 33M->8M(1024M) 31,068ms
[2024-01-04T01:58:26.090+0100][gc,cpu       ] GC(1) User=0,00s Sys=0,03s Real=0,03s
[2024-01-04T01:58:26.090+0100][gc           ] GC(2) Concurrent Cycle
[2024-01-04T01:58:26.090+0100][gc,marking   ] GC(2) Concurrent Clear Claimed Marks
[2024-01-04T01:58:26.090+0100][gc,marking   ] GC(2) Concurrent Clear Claimed Marks 0,044ms
[2024-01-04T01:58:26.090+0100][gc,marking   ] GC(2) Concurrent Scan Root Regions
[2024-01-04T01:58:26.092+0100][gc,marking   ] GC(2) Concurrent Scan Root Regions 1,943ms
[2024-01-04T01:58:26.092+0100][gc,marking   ] GC(2) Concurrent Mark (1,956s)
[2024-01-04T01:58:26.092+0100][gc,marking   ] GC(2) Concurrent Mark From Roots
[2024-01-04T01:58:26.092+0100][gc,task      ] GC(2) Using 1 workers of 1 for marking
[2024-01-04T01:58:26.140+0100][gc,marking   ] GC(2) Concurrent Mark From Roots 47,932ms
[2024-01-04T01:58:26.140+0100][gc,marking   ] GC(2) Concurrent Preclean
[2024-01-04T01:58:26.140+0100][gc,marking   ] GC(2) Concurrent Preclean 0,054ms
[2024-01-04T01:58:26.140+0100][gc,marking   ] GC(2) Concurrent Mark (1,956s, 2,004s) 48,038ms
[2024-01-04T01:58:26.140+0100][gc,start     ] GC(2) Pause Remark
[2024-01-04T01:58:26.143+0100][gc,stringtable] GC(2) Cleaned string and symbol table, strings: 5131 processed, 0 removed, symbols: 52393 processed, 58 removed
[2024-01-04T01:58:26.143+0100][gc            ] GC(2) Pause Remark 10M->10M(1024M) 2,850ms
[2024-01-04T01:58:26.143+0100][gc,cpu        ] GC(2) User=0,00s Sys=0,00s Real=0,00s
[2024-01-04T01:58:26.143+0100][gc,marking    ] GC(2) Concurrent Rebuild Remembered Sets
[2024-01-04T01:58:26.156+0100][gc,marking    ] GC(2) Concurrent Rebuild Remembered Sets 13,022ms
[2024-01-04T01:58:26.156+0100][gc,start      ] GC(2) Pause Cleanup
[2024-01-04T01:58:26.157+0100][gc            ] GC(2) Pause Cleanup 11M->11M(1024M) 0,151ms
[2024-01-04T01:58:26.157+0100][gc,cpu        ] GC(2) User=0,00s Sys=0,00s Real=0,00s
[2024-01-04T01:58:26.157+0100][gc,marking    ] GC(2) Concurrent Cleanup for Next Mark
[2024-01-04T01:58:26.187+0100][gc,marking    ] GC(2) Concurrent Cleanup for Next Mark 30,003ms
[2024-01-04T01:58:26.187+0100][gc            ] GC(2) Concurrent Cycle 96,726ms
[2024-01-04T01:58:28.223+0100][gc,start      ] GC(3) Pause Young (Normal) (G1 Evacuation Pause)
[2024-01-04T01:58:28.223+0100][gc,task       ] GC(3) Using 2 workers of 2 for evacuation
[2024-01-04T01:58:28.228+0100][gc,phases     ] GC(3)   Pre Evacuate Collection Set: 0,0ms
[2024-01-04T01:58:28.228+0100][gc,phases     ] GC(3)   Evacuate Collection Set: 4,4ms
[2024-01-04T01:58:28.228+0100][gc,phases     ] GC(3)   Post Evacuate Collection Set: 0,3ms
[2024-01-04T01:58:28.228+0100][gc,phases     ] GC(3)   Other: 0,2ms
[2024-01-04T01:58:28.228+0100][gc,heap       ] GC(3) Eden regions: 49->0(47)
[2024-01-04T01:58:28.228+0100][gc,heap       ] GC(3) Survivor regions: 2->4(7)
[2024-01-04T01:58:28.228+0100][gc,heap       ] GC(3) Old regions: 9->9
[2024-01-04T01:58:28.228+0100][gc,heap       ] GC(3) Humongous regions: 129->129
[2024-01-04T01:58:28.228+0100][gc,metaspace  ] GC(3) Metaspace: 28826K(29824K)->28826K(29824K) NonClass: 25116K(25600K)->25116K(25600K) Class: 3709K(4224K)->3709K(4224K)
[2024-01-04T01:58:28.228+0100][gc            ] GC(3) Pause Young (Normal) (G1 Evacuation Pause) 186M->139M(1024M) 5,110ms
[2024-01-04T01:58:28.228+0100][gc,cpu        ] GC(3) User=0,00s Sys=0,01s Real=0,01s
[2024-01-04T01:58:28.979+0100][gc,start      ] GC(4) Pause Young (Concurrent Start) (GCLocker Initiated GC)
[2024-01-04T01:58:28.979+0100][gc,task       ] GC(4) Using 2 workers of 2 for evacuation
[2024-01-04T01:58:29.001+0100][gc,mmu        ] GC(4) MMU target violated: 21,0ms (20,0ms/21,0ms)
[2024-01-04T01:58:29.001+0100][gc,phases     ] GC(4)   Pre Evacuate Collection Set: 0,1ms
[2024-01-04T01:58:29.001+0100][gc,phases     ] GC(4)   Evacuate Collection Set: 20,5ms
[2024-01-04T01:58:29.001+0100][gc,phases     ] GC(4)   Post Evacuate Collection Set: 0,8ms
[2024-01-04T01:58:29.001+0100][gc,phases     ] GC(4)   Other: 0,5ms
[2024-01-04T01:58:29.001+0100][gc,heap       ] GC(4) Eden regions: 36->0(44)
[2024-01-04T01:58:29.001+0100][gc,heap       ] GC(4) Survivor regions: 4->7(7)
[2024-01-04T01:58:29.001+0100][gc,heap       ] GC(4) Old regions: 9->9
[2024-01-04T01:58:29.001+0100][gc,heap       ] GC(4) Humongous regions: 129->129
[2024-01-04T01:58:29.001+0100][gc,metaspace  ] GC(4) Metaspace: 34605K(36096K)->34605K(36096K) NonClass: 30217K(31104K)->30217K(31104K) Class: 4387K(4992K)->4387K(4992K)
[2024-01-04T01:58:29.001+0100][gc            ] GC(4) Pause Young (Concurrent Start) (GCLocker Initiated GC) 174M->142M(1024M) 21,927ms
[2024-01-04T01:58:29.001+0100][gc,cpu        ] GC(4) User=0,01s Sys=0,01s Real=0,02s
[2024-01-04T01:58:29.002+0100][gc            ] GC(5) Concurrent Cycle
[2024-01-04T01:58:29.002+0100][gc,marking    ] GC(5) Concurrent Clear Claimed Marks
[2024-01-04T01:58:29.002+0100][gc,marking    ] GC(5) Concurrent Clear Claimed Marks 0,109ms
[2024-01-04T01:58:29.002+0100][gc,marking    ] GC(5) Concurrent Scan Root Regions
[2024-01-04T01:58:29.009+0100][gc,marking    ] GC(5) Concurrent Scan Root Regions 7,521ms
[2024-01-04T01:58:29.010+0100][gc,marking    ] GC(5) Concurrent Mark (4,873s)
[2024-01-04T01:58:29.010+0100][gc,marking    ] GC(5) Concurrent Mark From Roots
[2024-01-04T01:58:29.010+0100][gc,task       ] GC(5) Using 1 workers of 1 for marking
[2024-01-04T01:58:29.065+0100][gc,marking    ] GC(5) Concurrent Mark From Roots 55,023ms
[2024-01-04T01:58:29.065+0100][gc,marking    ] GC(5) Concurrent Preclean
[2024-01-04T01:58:29.065+0100][gc,marking    ] GC(5) Concurrent Preclean 0,048ms
[2024-01-04T01:58:29.065+0100][gc,marking    ] GC(5) Concurrent Mark (4,873s, 4,928s) 55,121ms
[2024-01-04T01:58:29.066+0100][gc,start      ] GC(5) Pause Remark
[2024-01-04T01:58:29.075+0100][gc,stringtable] GC(5) Cleaned string and symbol table, strings: 10613 processed, 11 removed, symbols: 83754 processed, 15 removed
[2024-01-04T01:58:29.076+0100][gc            ] GC(5) Pause Remark 144M->144M(1024M) 9,889ms
[2024-01-04T01:58:29.076+0100][gc,cpu        ] GC(5) User=0,00s Sys=0,01s Real=0,00s
[2024-01-04T01:58:29.076+0100][gc,marking    ] GC(5) Concurrent Rebuild Remembered Sets
[2024-01-04T01:58:29.090+0100][gc,marking    ] GC(5) Concurrent Rebuild Remembered Sets 14,067ms
[2024-01-04T01:58:29.110+0100][gc,start      ] GC(5) Pause Cleanup
[2024-01-04T01:58:29.110+0100][gc            ] GC(5) Pause Cleanup 146M->146M(1024M) 0,312ms
[2024-01-04T01:58:29.110+0100][gc,cpu        ] GC(5) User=0,00s Sys=0,00s Real=0,00s
[2024-01-04T01:58:29.111+0100][gc,marking    ] GC(5) Concurrent Cleanup for Next Mark
[2024-01-04T01:58:29.145+0100][gc,marking    ] GC(5) Concurrent Cleanup for Next Mark 34,642ms
[2024-01-04T01:58:29.145+0100][gc            ] GC(5) Concurrent Cycle 143,577ms
[2024-01-04T01:58:33.933+0100][gc,start      ] GC(6) Pause Young (Concurrent Start) (G1 Evacuation Pause)
[2024-01-04T01:58:33.933+0100][gc,task       ] GC(6) Using 2 workers of 2 for evacuation
[2024-01-04T01:58:33.969+0100][gc,mmu        ] GC(6) MMU target violated: 21,0ms (20,0ms/21,0ms)
[2024-01-04T01:58:33.969+0100][gc,phases     ] GC(6)   Pre Evacuate Collection Set: 0,2ms
[2024-01-04T01:58:33.969+0100][gc,phases     ] GC(6)   Evacuate Collection Set: 34,2ms
[2024-01-04T01:58:33.969+0100][gc,phases     ] GC(6)   Post Evacuate Collection Set: 0,9ms
[2024-01-04T01:58:33.969+0100][gc,phases     ] GC(6)   Other: 0,8ms
[2024-01-04T01:58:33.969+0100][gc,heap       ] GC(6) Eden regions: 44->0(45)
[2024-01-04T01:58:33.969+0100][gc,heap       ] GC(6) Survivor regions: 7->6(7)
[2024-01-04T01:58:33.969+0100][gc,heap       ] GC(6) Old regions: 9->12
[2024-01-04T01:58:33.969+0100][gc,heap       ] GC(6) Humongous regions: 147->129
[2024-01-04T01:58:33.969+0100][gc,metaspace  ] GC(6) Metaspace: 41648K(44056K)->41648K(44056K) NonClass: 35945K(37120K)->35945K(37120K) Class: 5702K(6936K)->5702K(6936K)
[2024-01-04T01:58:33.969+0100][gc            ] GC(6) Pause Young (Concurrent Start) (G1 Evacuation Pause) 204M->144M(1024M) 36,222ms
[2024-01-04T01:58:33.969+0100][gc,cpu        ] GC(6) User=0,02s Sys=0,01s Real=0,04s
[2024-01-04T01:58:33.970+0100][gc            ] GC(7) Concurrent Cycle
[2024-01-04T01:58:33.970+0100][gc,marking    ] GC(7) Concurrent Clear Claimed Marks
[2024-01-04T01:58:33.970+0100][gc,marking    ] GC(7) Concurrent Clear Claimed Marks 0,176ms
[2024-01-04T01:58:33.970+0100][gc,marking    ] GC(7) Concurrent Scan Root Regions
[2024-01-04T01:58:33.995+0100][gc,marking    ] GC(7) Concurrent Scan Root Regions 25,559ms
[2024-01-04T01:58:33.995+0100][gc,marking    ] GC(7) Concurrent Mark (9,859s)
[2024-01-04T01:58:33.995+0100][gc,marking    ] GC(7) Concurrent Mark From Roots
[2024-01-04T01:58:33.995+0100][gc,task       ] GC(7) Using 1 workers of 1 for marking
[2024-01-04T01:58:34.034+0100][gc,marking    ] GC(7) Concurrent Mark From Roots 38,994ms
[2024-01-04T01:58:34.034+0100][gc,marking    ] GC(7) Concurrent Preclean
[2024-01-04T01:58:34.034+0100][gc,marking    ] GC(7) Concurrent Preclean 0,070ms
[2024-01-04T01:58:34.034+0100][gc,marking    ] GC(7) Concurrent Mark (9,859s, 9,898s) 39,126ms
[2024-01-04T01:58:34.035+0100][gc,start      ] GC(7) Pause Remark
[2024-01-04T01:58:34.042+0100][gc,stringtable] GC(7) Cleaned string and symbol table, strings: 11832 processed, 2 removed, symbols: 92831 processed, 2 removed
[2024-01-04T01:58:34.042+0100][gc            ] GC(7) Pause Remark 144M->144M(1024M) 7,332ms
[2024-01-04T01:58:34.042+0100][gc,cpu        ] GC(7) User=0,01s Sys=0,01s Real=0,01s
[2024-01-04T01:58:34.042+0100][gc,marking    ] GC(7) Concurrent Rebuild Remembered Sets
[2024-01-04T01:58:34.074+0100][gc,marking    ] GC(7) Concurrent Rebuild Remembered Sets 31,986ms
[2024-01-04T01:58:34.075+0100][gc,start      ] GC(7) Pause Cleanup
[2024-01-04T01:58:34.075+0100][gc            ] GC(7) Pause Cleanup 144M->144M(1024M) 0,203ms
[2024-01-04T01:58:34.075+0100][gc,cpu        ] GC(7) User=0,00s Sys=0,00s Real=0,00s
[2024-01-04T01:58:34.080+0100][gc,marking    ] GC(7) Concurrent Cleanup for Next Mark
[2024-01-04T01:58:34.102+0100][gc,marking    ] GC(7) Concurrent Cleanup for Next Mark 22,564ms
[2024-01-04T01:58:34.102+0100][gc            ] GC(7) Concurrent Cycle 132,668ms
[2024-01-04T01:59:46.976+0100][gc,start      ] GC(8) Pause Young (Normal) (G1 Evacuation Pause)
[2024-01-04T01:59:46.976+0100][gc,task       ] GC(8) Using 2 workers of 2 for evacuation
[2024-01-04T01:59:46.984+0100][gc,phases     ] GC(8)   Pre Evacuate Collection Set: 0,2ms
[2024-01-04T01:59:46.985+0100][gc,phases     ] GC(8)   Evacuate Collection Set: 7,8ms
[2024-01-04T01:59:46.985+0100][gc,phases     ] GC(8)   Post Evacuate Collection Set: 0,7ms
[2024-01-04T01:59:46.985+0100][gc,phases     ] GC(8)   Other: 0,3ms
[2024-01-04T01:59:46.985+0100][gc,heap       ] GC(8) Eden regions: 45->0(47)
[2024-01-04T01:59:46.985+0100][gc,heap       ] GC(8) Survivor regions: 6->4(7)
[2024-01-04T01:59:46.985+0100][gc,heap       ] GC(8) Old regions: 12->15
[2024-01-04T01:59:46.985+0100][gc,heap       ] GC(8) Humongous regions: 129->129
[2024-01-04T01:59:46.985+0100][gc,metaspace  ] GC(8) Metaspace: 43012K(45592K)->43012K(45592K) NonClass: 37129K(38400K)->37129K(38400K) Class: 5883K(7192K)->5883K(7192K)
[2024-01-04T01:59:46.985+0100][gc            ] GC(8) Pause Young (Normal) (G1 Evacuation Pause) 189M->145M(1024M) 9,070ms
[2024-01-04T01:59:46.985+0100][gc,cpu        ] GC(8) User=0,01s Sys=0,00s Real=0,01s
[2024-01-04T02:01:09.294+0100][gc,start      ] GC(9) Pause Young (Normal) (G1 Evacuation Pause)
[2024-01-04T02:01:09.294+0100][gc,task       ] GC(9) Using 2 workers of 2 for evacuation
[2024-01-04T02:01:09.300+0100][gc,phases     ] GC(9)   Pre Evacuate Collection Set: 0,1ms
[2024-01-04T02:01:09.300+0100][gc,phases     ] GC(9)   Evacuate Collection Set: 5,5ms
[2024-01-04T02:01:09.300+0100][gc,phases     ] GC(9)   Post Evacuate Collection Set: 0,4ms
[2024-01-04T02:01:09.300+0100][gc,phases     ] GC(9)   Other: 0,2ms
[2024-01-04T02:01:09.300+0100][gc,heap       ] GC(9) Eden regions: 47->0(47)
[2024-01-04T02:01:09.300+0100][gc,heap       ] GC(9) Survivor regions: 4->4(7)
[2024-01-04T02:01:09.300+0100][gc,heap       ] GC(9) Old regions: 15->15
[2024-01-04T02:01:09.300+0100][gc,heap       ] GC(9) Humongous regions: 129->129
[2024-01-04T02:01:09.300+0100][gc,metaspace  ] GC(9) Metaspace: 43540K(46232K)->43540K(46232K) NonClass: 37602K(38912K)->37602K(38912K) Class: 5937K(7320K)->5937K(7320K)
[2024-01-04T02:01:09.300+0100][gc            ] GC(9) Pause Young (Normal) (G1 Evacuation Pause) 192M->146M(1024M) 6,312ms
[2024-01-04T02:01:09.301+0100][gc,cpu        ] GC(9) User=0,00s Sys=0,01s Real=0,01s
[2024-01-04T02:02:36.321+0100][gc,start      ] GC(10) Pause Young (Normal) (G1 Evacuation Pause)
[2024-01-04T02:02:36.321+0100][gc,task       ] GC(10) Using 2 workers of 2 for evacuation
[2024-01-04T02:02:36.327+0100][gc,phases     ] GC(10)   Pre Evacuate Collection Set: 0,1ms
[2024-01-04T02:02:36.327+0100][gc,phases     ] GC(10)   Evacuate Collection Set: 5,2ms
[2024-01-04T02:02:36.327+0100][gc,phases     ] GC(10)   Post Evacuate Collection Set: 0,5ms
[2024-01-04T02:02:36.327+0100][gc,phases     ] GC(10)   Other: 0,2ms
[2024-01-04T02:02:36.327+0100][gc,heap       ] GC(10) Eden regions: 47->0(47)
[2024-01-04T02:02:36.327+0100][gc,heap       ] GC(10) Survivor regions: 4->4(7)
[2024-01-04T02:02:36.327+0100][gc,heap       ] GC(10) Old regions: 15->15
[2024-01-04T02:02:36.327+0100][gc,heap       ] GC(10) Humongous regions: 129->129
[2024-01-04T02:02:36.327+0100][gc,metaspace  ] GC(10) Metaspace: 43722K(46488K)->43722K(46488K) NonClass: 37785K(39168K)->37785K(39168K) Class: 5937K(7320K)->5937K(7320K)
[2024-01-04T02:02:36.327+0100][gc            ] GC(10) Pause Young (Normal) (G1 Evacuation Pause) 193M->146M(1024M) 6,068ms
[2024-01-04T02:02:36.327+0100][gc,cpu        ] GC(10) User=0,00s Sys=0,01s Real=0,01s
[2024-01-04T02:04:10.357+0100][gc,start      ] GC(11) Pause Young (Normal) (G1 Evacuation Pause)
[2024-01-04T02:04:10.357+0100][gc,task       ] GC(11) Using 2 workers of 2 for evacuation
[2024-01-04T02:04:10.364+0100][gc,phases     ] GC(11)   Pre Evacuate Collection Set: 0,0ms
[2024-01-04T02:04:10.364+0100][gc,phases     ] GC(11)   Evacuate Collection Set: 6,6ms
[2024-01-04T02:04:10.364+0100][gc,phases     ] GC(11)   Post Evacuate Collection Set: 0,4ms
[2024-01-04T02:04:10.364+0100][gc,phases     ] GC(11)   Other: 0,3ms
[2024-01-04T02:04:10.364+0100][gc,heap       ] GC(11) Eden regions: 47->0(48)
[2024-01-04T02:04:10.364+0100][gc,heap       ] GC(11) Survivor regions: 4->3(7)
[2024-01-04T02:04:10.364+0100][gc,heap       ] GC(11) Old regions: 15->17
[2024-01-04T02:04:10.364+0100][gc,heap       ] GC(11) Humongous regions: 129->129
[2024-01-04T02:04:10.364+0100][gc,metaspace  ] GC(11) Metaspace: 43885K(46744K)->43885K(46744K) NonClass: 37948K(39424K)->37948K(39424K) Class: 5937K(7320K)->5937K(7320K)
[2024-01-04T02:04:10.364+0100][gc            ] GC(11) Pause Young (Normal) (G1 Evacuation Pause) 193M->147M(1024M) 7,294ms
[2024-01-04T02:04:10.364+0100][gc,cpu        ] GC(11) User=0,00s Sys=0,01s Real=0,00s
[2024-01-04T02:05:45.072+0100][gc,start      ] GC(12) Pause Young (Normal) (G1 Evacuation Pause)
[2024-01-04T02:05:45.072+0100][gc,task       ] GC(12) Using 2 workers of 2 for evacuation
[2024-01-04T02:05:45.078+0100][gc,phases     ] GC(12)   Pre Evacuate Collection Set: 0,1ms
[2024-01-04T02:05:45.078+0100][gc,phases     ] GC(12)   Evacuate Collection Set: 4,7ms
[2024-01-04T02:05:45.078+0100][gc,phases     ] GC(12)   Post Evacuate Collection Set: 0,7ms
[2024-01-04T02:05:45.078+0100][gc,phases     ] GC(12)   Other: 0,2ms
[2024-01-04T02:05:45.078+0100][gc,heap       ] GC(12) Eden regions: 48->0(48)
[2024-01-04T02:05:45.078+0100][gc,heap       ] GC(12) Survivor regions: 3->3(7)
[2024-01-04T02:05:45.078+0100][gc,heap       ] GC(12) Old regions: 17->17
[2024-01-04T02:05:45.078+0100][gc,heap       ] GC(12) Humongous regions: 129->129
[2024-01-04T02:05:45.078+0100][gc,metaspace  ] GC(12) Metaspace: 43931K(46744K)->43931K(46744K) NonClass: 37994K(39424K)->37994K(39424K) Class: 5937K(7320K)->5937K(7320K)
[2024-01-04T02:05:45.078+0100][gc            ] GC(12) Pause Young (Normal) (G1 Evacuation Pause) 195M->147M(1024M) 5,801ms
[2024-01-04T02:05:45.078+0100][gc,cpu        ] GC(12) User=0,00s Sys=0,01s Real=0,01s
[2024-01-04T02:07:19.067+0100][gc,start      ] GC(13) Pause Young (Normal) (G1 Evacuation Pause)
[2024-01-04T02:07:19.067+0100][gc,task       ] GC(13) Using 2 workers of 2 for evacuation
[2024-01-04T02:07:19.073+0100][gc,phases     ] GC(13)   Pre Evacuate Collection Set: 0,1ms
[2024-01-04T02:07:19.074+0100][gc,phases     ] GC(13)   Evacuate Collection Set: 5,3ms
[2024-01-04T02:07:19.074+0100][gc,phases     ] GC(13)   Post Evacuate Collection Set: 0,6ms
[2024-01-04T02:07:19.074+0100][gc,phases     ] GC(13)   Other: 0,5ms
[2024-01-04T02:07:19.074+0100][gc,heap       ] GC(13) Eden regions: 48->0(47)
[2024-01-04T02:07:19.074+0100][gc,heap       ] GC(13) Survivor regions: 3->4(7)
[2024-01-04T02:07:19.074+0100][gc,heap       ] GC(13) Old regions: 17->17
[2024-01-04T02:07:19.074+0100][gc,heap       ] GC(13) Humongous regions: 129->129
[2024-01-04T02:07:19.074+0100][gc,metaspace  ] GC(13) Metaspace: 43962K(46744K)->43962K(46744K) NonClass: 38025K(39424K)->38025K(39424K) Class: 5937K(7320K)->5937K(7320K)
[2024-01-04T02:07:19.074+0100][gc            ] GC(13) Pause Young (Normal) (G1 Evacuation Pause) 195M->148M(1024M) 6,508ms
[2024-01-04T02:07:19.074+0100][gc,cpu        ] GC(13) User=0,01s Sys=0,01s Real=0,00s
[2024-01-04T02:08:50.244+0100][gc,start      ] GC(14) Pause Young (Normal) (G1 Evacuation Pause)
[2024-01-04T02:08:50.244+0100][gc,task       ] GC(14) Using 2 workers of 2 for evacuation
[2024-01-04T02:08:50.250+0100][gc,phases     ] GC(14)   Pre Evacuate Collection Set: 0,0ms
[2024-01-04T02:08:50.250+0100][gc,phases     ] GC(14)   Evacuate Collection Set: 5,3ms
[2024-01-04T02:08:50.250+0100][gc,phases     ] GC(14)   Post Evacuate Collection Set: 0,4ms
[2024-01-04T02:08:50.250+0100][gc,phases     ] GC(14)   Other: 0,3ms
[2024-01-04T02:08:50.250+0100][gc,heap       ] GC(14) Eden regions: 47->0(48)
[2024-01-04T02:08:50.250+0100][gc,heap       ] GC(14) Survivor regions: 4->3(7)
[2024-01-04T02:08:50.250+0100][gc,heap       ] GC(14) Old regions: 17->17
[2024-01-04T02:08:50.250+0100][gc,heap       ] GC(14) Humongous regions: 129->129
[2024-01-04T02:08:50.250+0100][gc,metaspace  ] GC(14) Metaspace: 44067K(46744K)->44067K(46744K) NonClass: 38105K(39424K)->38105K(39424K) Class: 5961K(7320K)->5961K(7320K)
[2024-01-04T02:08:50.250+0100][gc            ] GC(14) Pause Young (Normal) (G1 Evacuation Pause) 195M->147M(1024M) 6,109ms
[2024-01-04T02:08:50.250+0100][gc,cpu        ] GC(14) User=0,01s Sys=0,00s Real=0,01s
[2024-01-04T02:09:34.383+0100][gc,heap,exit  ] Heap
[2024-01-04T02:09:34.383+0100][gc,heap,exit  ]  garbage-first heap   total 1048576K, used 182857K [0x00000000c0000000, 0x0000000100000000)
[2024-01-04T02:09:34.383+0100][gc,heap,exit  ]   region size 1024K, 35 young (35840K), 3 survivors (3072K)
[2024-01-04T02:09:34.383+0100][gc,heap,exit  ]  Metaspace       used 44985K, capacity 47821K, committed 48152K, reserved 1089536K
[2024-01-04T02:09:34.383+0100][gc,heap,exit  ]   class space    used 6201K, capacity 7599K, committed 7704K, reserved 1048576K
