[2024-01-04T13:33:45.928+0100][gc,heap] Heap region size: 1M
[2024-01-04T13:33:45.957+0100][gc     ] Using G1
[2024-01-04T13:33:45.957+0100][gc,heap,coops] Heap address: 0x00000000c0000000, size: 1024 MB, Compressed Oops mode: 32-bit
[2024-01-04T13:33:45.957+0100][gc,cds       ] Mark closed archive regions in map: [0x00000000fff00000, 0x00000000fff6aff8]
[2024-01-04T13:33:45.957+0100][gc,cds       ] Mark open archive regions in map: [0x00000000ffe00000, 0x00000000ffe47ff8]
[2024-01-04T13:33:47.484+0100][gc,start     ] GC(0) Pause Young (Normal) (G1 Evacuation Pause)
[2024-01-04T13:33:47.484+0100][gc,task      ] GC(0) Using 2 workers of 2 for evacuation
[2024-01-04T13:33:47.513+0100][gc,mmu       ] GC(0) MMU target violated: 21,0ms (20,0ms/21,0ms)
[2024-01-04T13:33:47.513+0100][gc,phases    ] GC(0)   Pre Evacuate Collection Set: 0,1ms
[2024-01-04T13:33:47.513+0100][gc,phases    ] GC(0)   Evacuate Collection Set: 26,9ms
[2024-01-04T13:33:47.513+0100][gc,phases    ] GC(0)   Post Evacuate Collection Set: 1,5ms
[2024-01-04T13:33:47.513+0100][gc,phases    ] GC(0)   Other: 0,8ms
[2024-01-04T13:33:47.513+0100][gc,heap      ] GC(0) Eden regions: 51->0(44)
[2024-01-04T13:33:47.513+0100][gc,heap      ] GC(0) Survivor regions: 0->7(7)
[2024-01-04T13:33:47.513+0100][gc,heap      ] GC(0) Old regions: 2->2
[2024-01-04T13:33:47.513+0100][gc,heap      ] GC(0) Humongous regions: 0->0
[2024-01-04T13:33:47.513+0100][gc,metaspace ] GC(0) Metaspace: 14352K(15104K)->14352K(15104K) NonClass: 12341K(12800K)->12341K(12800K) Class: 2011K(2304K)->2011K(2304K)
[2024-01-04T13:33:47.513+0100][gc           ] GC(0) Pause Young (Normal) (G1 Evacuation Pause) 51M->7M(1024M) 29,264ms
[2024-01-04T13:33:47.513+0100][gc,cpu       ] GC(0) User=0,01s Sys=0,01s Real=0,03s
[2024-01-04T13:33:48.646+0100][gc,start     ] GC(1) Pause Young (Concurrent Start) (Metadata GC Threshold)
[2024-01-04T13:33:48.646+0100][gc,task      ] GC(1) Using 2 workers of 2 for evacuation
[2024-01-04T13:33:48.678+0100][gc,mmu       ] GC(1) MMU target violated: 21,0ms (20,0ms/21,0ms)
[2024-01-04T13:33:48.678+0100][gc,phases    ] GC(1)   Pre Evacuate Collection Set: 0,1ms
[2024-01-04T13:33:48.678+0100][gc,phases    ] GC(1)   Evacuate Collection Set: 30,1ms
[2024-01-04T13:33:48.678+0100][gc,phases    ] GC(1)   Post Evacuate Collection Set: 1,0ms
[2024-01-04T13:33:48.678+0100][gc,phases    ] GC(1)   Other: 0,6ms
[2024-01-04T13:33:48.678+0100][gc,heap      ] GC(1) Eden regions: 27->0(50)
[2024-01-04T13:33:48.678+0100][gc,heap      ] GC(1) Survivor regions: 7->1(7)
[2024-01-04T13:33:48.678+0100][gc,heap      ] GC(1) Old regions: 2->9
[2024-01-04T13:33:48.678+0100][gc,heap      ] GC(1) Humongous regions: 0->0
[2024-01-04T13:33:48.678+0100][gc,metaspace ] GC(1) Metaspace: 20532K(21248K)->20532K(21248K) NonClass: 17764K(18176K)->17764K(18176K) Class: 2768K(3072K)->2768K(3072K)
[2024-01-04T13:33:48.678+0100][gc           ] GC(1) Pause Young (Concurrent Start) (Metadata GC Threshold) 33M->8M(1024M) 31,816ms
[2024-01-04T13:33:48.678+0100][gc,cpu       ] GC(1) User=0,02s Sys=0,02s Real=0,04s
[2024-01-04T13:33:48.678+0100][gc           ] GC(2) Concurrent Cycle
[2024-01-04T13:33:48.678+0100][gc,marking   ] GC(2) Concurrent Clear Claimed Marks
[2024-01-04T13:33:48.678+0100][gc,marking   ] GC(2) Concurrent Clear Claimed Marks 0,052ms
[2024-01-04T13:33:48.678+0100][gc,marking   ] GC(2) Concurrent Scan Root Regions
[2024-01-04T13:33:48.688+0100][gc,marking   ] GC(2) Concurrent Scan Root Regions 9,751ms
[2024-01-04T13:33:48.688+0100][gc,marking   ] GC(2) Concurrent Mark (2,783s)
[2024-01-04T13:33:48.688+0100][gc,marking   ] GC(2) Concurrent Mark From Roots
[2024-01-04T13:33:48.688+0100][gc,task      ] GC(2) Using 1 workers of 1 for marking
[2024-01-04T13:33:48.755+0100][gc,marking   ] GC(2) Concurrent Mark From Roots 66,936ms
[2024-01-04T13:33:48.755+0100][gc,marking   ] GC(2) Concurrent Preclean
[2024-01-04T13:33:48.755+0100][gc,marking   ] GC(2) Concurrent Preclean 0,088ms
[2024-01-04T13:33:48.755+0100][gc,marking   ] GC(2) Concurrent Mark (2,783s, 2,850s) 67,162ms
[2024-01-04T13:33:48.768+0100][gc,start     ] GC(2) Pause Remark
[2024-01-04T13:33:48.772+0100][gc,stringtable] GC(2) Cleaned string and symbol table, strings: 5149 processed, 0 removed, symbols: 53395 processed, 58 removed
[2024-01-04T13:33:48.772+0100][gc            ] GC(2) Pause Remark 10M->10M(1024M) 4,087ms
[2024-01-04T13:33:48.773+0100][gc,cpu        ] GC(2) User=0,00s Sys=0,01s Real=0,01s
[2024-01-04T13:33:48.773+0100][gc,marking    ] GC(2) Concurrent Rebuild Remembered Sets
[2024-01-04T13:33:48.792+0100][gc,marking    ] GC(2) Concurrent Rebuild Remembered Sets 18,546ms
[2024-01-04T13:33:48.792+0100][gc,start      ] GC(2) Pause Cleanup
[2024-01-04T13:33:48.793+0100][gc            ] GC(2) Pause Cleanup 10M->10M(1024M) 1,234ms
[2024-01-04T13:33:48.793+0100][gc,cpu        ] GC(2) User=0,00s Sys=0,00s Real=0,00s
[2024-01-04T13:33:48.794+0100][gc,marking    ] GC(2) Concurrent Cleanup for Next Mark
[2024-01-04T13:33:48.810+0100][gc,marking    ] GC(2) Concurrent Cleanup for Next Mark 16,673ms
[2024-01-04T13:33:48.810+0100][gc            ] GC(2) Concurrent Cycle 132,440ms
[2024-01-04T13:33:52.324+0100][gc,start      ] GC(3) Pause Young (Concurrent Start) (G1 Evacuation Pause)
[2024-01-04T13:33:52.324+0100][gc,task       ] GC(3) Using 2 workers of 2 for evacuation
[2024-01-04T13:33:52.333+0100][gc,phases     ] GC(3)   Pre Evacuate Collection Set: 0,1ms
[2024-01-04T13:33:52.334+0100][gc,phases     ] GC(3)   Evacuate Collection Set: 5,0ms
[2024-01-04T13:33:52.334+0100][gc,phases     ] GC(3)   Post Evacuate Collection Set: 3,7ms
[2024-01-04T13:33:52.334+0100][gc,phases     ] GC(3)   Other: 0,3ms
[2024-01-04T13:33:52.334+0100][gc,heap       ] GC(3) Eden regions: 50->0(47)
[2024-01-04T13:33:52.334+0100][gc,heap       ] GC(3) Survivor regions: 1->4(7)
[2024-01-04T13:33:52.334+0100][gc,heap       ] GC(3) Old regions: 9->9
[2024-01-04T13:33:52.334+0100][gc,heap       ] GC(3) Humongous regions: 129->129
[2024-01-04T13:33:52.334+0100][gc,metaspace  ] GC(3) Metaspace: 29140K(30336K)->29140K(30336K) NonClass: 25410K(26112K)->25410K(26112K) Class: 3729K(4224K)->3729K(4224K)
[2024-01-04T13:33:52.334+0100][gc            ] GC(3) Pause Young (Concurrent Start) (G1 Evacuation Pause) 187M->139M(1024M) 9,257ms
[2024-01-04T13:33:52.334+0100][gc,cpu        ] GC(3) User=0,00s Sys=0,01s Real=0,01s
[2024-01-04T13:33:52.334+0100][gc            ] GC(4) Concurrent Cycle
[2024-01-04T13:33:52.334+0100][gc,marking    ] GC(4) Concurrent Clear Claimed Marks
[2024-01-04T13:33:52.334+0100][gc,marking    ] GC(4) Concurrent Clear Claimed Marks 0,194ms
[2024-01-04T13:33:52.334+0100][gc,marking    ] GC(4) Concurrent Scan Root Regions
[2024-01-04T13:33:52.343+0100][gc,marking    ] GC(4) Concurrent Scan Root Regions 8,910ms
[2024-01-04T13:33:52.343+0100][gc,marking    ] GC(4) Concurrent Mark (6,438s)
[2024-01-04T13:33:52.343+0100][gc,marking    ] GC(4) Concurrent Mark From Roots
[2024-01-04T13:33:52.343+0100][gc,task       ] GC(4) Using 1 workers of 1 for marking
[2024-01-04T13:33:52.378+0100][gc,marking    ] GC(4) Concurrent Mark From Roots 35,446ms
[2024-01-04T13:33:52.378+0100][gc,marking    ] GC(4) Concurrent Preclean
[2024-01-04T13:33:52.379+0100][gc,marking    ] GC(4) Concurrent Preclean 0,067ms
[2024-01-04T13:33:52.379+0100][gc,marking    ] GC(4) Concurrent Mark (6,438s, 6,474s) 35,598ms
[2024-01-04T13:33:52.382+0100][gc,start      ] GC(4) Pause Remark
[2024-01-04T13:33:52.387+0100][gc,stringtable] GC(4) Cleaned string and symbol table, strings: 7545 processed, 14 removed, symbols: 67443 processed, 9 removed
[2024-01-04T13:33:52.387+0100][gc            ] GC(4) Pause Remark 141M->141M(1024M) 5,702ms
[2024-01-04T13:33:52.387+0100][gc,cpu        ] GC(4) User=0,00s Sys=0,00s Real=0,00s
[2024-01-04T13:33:52.388+0100][gc,marking    ] GC(4) Concurrent Rebuild Remembered Sets
[2024-01-04T13:33:52.397+0100][gc,marking    ] GC(4) Concurrent Rebuild Remembered Sets 9,270ms
[2024-01-04T13:33:52.402+0100][gc,start      ] GC(4) Pause Cleanup
[2024-01-04T13:33:52.402+0100][gc            ] GC(4) Pause Cleanup 141M->141M(1024M) 0,233ms
[2024-01-04T13:33:52.402+0100][gc,cpu        ] GC(4) User=0,00s Sys=0,00s Real=0,00s
[2024-01-04T13:33:52.402+0100][gc,marking    ] GC(4) Concurrent Cleanup for Next Mark
[2024-01-04T13:33:52.422+0100][gc,marking    ] GC(4) Concurrent Cleanup for Next Mark 19,483ms
[2024-01-04T13:33:52.422+0100][gc            ] GC(4) Concurrent Cycle 87,996ms
[2024-01-04T13:33:54.419+0100][gc,heap,exit  ] Heap
[2024-01-04T13:33:54.420+0100][gc,heap,exit  ]  garbage-first heap   total 1048576K, used 175430K [0x00000000c0000000, 0x0000000100000000)
[2024-01-04T13:33:54.420+0100][gc,heap,exit  ]   region size 1024K, 37 young (37888K), 4 survivors (4096K)
[2024-01-04T13:33:54.420+0100][gc,heap,exit  ]  Metaspace       used 33341K, capacity 34767K, committed 34816K, reserved 1079296K
[2024-01-04T13:33:54.420+0100][gc,heap,exit  ]   class space    used 4432K, capacity 5097K, committed 5120K, reserved 1048576K
