[2024-01-04T13:39:16.465+0100][gc,heap] Heap region size: 1M
[2024-01-04T13:39:16.494+0100][gc     ] Using G1
[2024-01-04T13:39:16.494+0100][gc,heap,coops] Heap address: 0x00000000c0000000, size: 1024 MB, Compressed Oops mode: 32-bit
[2024-01-04T13:39:16.496+0100][gc,cds       ] Mark closed archive regions in map: [0x00000000fff00000, 0x00000000fff6aff8]
[2024-01-04T13:39:16.496+0100][gc,cds       ] Mark open archive regions in map: [0x00000000ffe00000, 0x00000000ffe47ff8]
[2024-01-04T13:39:20.485+0100][gc,start     ] GC(0) Pause Young (Normal) (G1 Evacuation Pause)
[2024-01-04T13:39:20.599+0100][gc,task      ] GC(0) Using 2 workers of 2 for evacuation
[2024-01-04T13:39:20.651+0100][gc,mmu       ] GC(0) MMU target violated: 21,0ms (20,0ms/21,0ms)
[2024-01-04T13:39:20.651+0100][gc,phases    ] GC(0)   Pre Evacuate Collection Set: 0,0ms
[2024-01-04T13:39:20.651+0100][gc,phases    ] GC(0)   Evacuate Collection Set: 21,8ms
[2024-01-04T13:39:20.651+0100][gc,phases    ] GC(0)   Post Evacuate Collection Set: 30,0ms
[2024-01-04T13:39:20.651+0100][gc,phases    ] GC(0)   Other: 114,2ms
[2024-01-04T13:39:20.651+0100][gc,heap      ] GC(0) Eden regions: 51->0(44)
[2024-01-04T13:39:20.651+0100][gc,heap      ] GC(0) Survivor regions: 0->7(7)
[2024-01-04T13:39:20.651+0100][gc,heap      ] GC(0) Old regions: 2->2
[2024-01-04T13:39:20.651+0100][gc,heap      ] GC(0) Humongous regions: 0->0
[2024-01-04T13:39:20.651+0100][gc,metaspace ] GC(0) Metaspace: 14393K(15104K)->14393K(15104K) NonClass: 12380K(12800K)->12380K(12800K) Class: 2012K(2304K)->2012K(2304K)
[2024-01-04T13:39:20.651+0100][gc           ] GC(0) Pause Young (Normal) (G1 Evacuation Pause) 51M->7M(1024M) 166,169ms
[2024-01-04T13:39:20.651+0100][gc,cpu       ] GC(0) User=0,01s Sys=0,01s Real=0,17s
[2024-01-04T13:39:22.876+0100][gc,start     ] GC(1) Pause Young (Concurrent Start) (Metadata GC Threshold)
[2024-01-04T13:39:22.876+0100][gc,task      ] GC(1) Using 2 workers of 2 for evacuation
[2024-01-04T13:39:22.966+0100][gc,mmu       ] GC(1) MMU target violated: 21,0ms (20,0ms/21,0ms)
[2024-01-04T13:39:22.966+0100][gc,phases    ] GC(1)   Pre Evacuate Collection Set: 0,1ms
[2024-01-04T13:39:22.966+0100][gc,phases    ] GC(1)   Evacuate Collection Set: 88,7ms
[2024-01-04T13:39:22.966+0100][gc,phases    ] GC(1)   Post Evacuate Collection Set: 0,7ms
[2024-01-04T13:39:22.966+0100][gc,phases    ] GC(1)   Other: 0,7ms
[2024-01-04T13:39:22.966+0100][gc,heap      ] GC(1) Eden regions: 25->0(50)
[2024-01-04T13:39:22.966+0100][gc,heap      ] GC(1) Survivor regions: 7->1(7)
[2024-01-04T13:39:22.966+0100][gc,heap      ] GC(1) Old regions: 2->9
[2024-01-04T13:39:22.967+0100][gc,heap      ] GC(1) Humongous regions: 0->0
[2024-01-04T13:39:22.967+0100][gc,metaspace ] GC(1) Metaspace: 20535K(21248K)->20535K(21248K) NonClass: 17776K(18176K)->17776K(18176K) Class: 2759K(3072K)->2759K(3072K)
[2024-01-04T13:39:22.967+0100][gc           ] GC(1) Pause Young (Concurrent Start) (Metadata GC Threshold) 32M->8M(1024M) 90,153ms
[2024-01-04T13:39:22.967+0100][gc,cpu       ] GC(1) User=0,02s Sys=0,05s Real=0,08s
[2024-01-04T13:39:22.967+0100][gc           ] GC(2) Concurrent Cycle
[2024-01-04T13:39:22.967+0100][gc,marking   ] GC(2) Concurrent Clear Claimed Marks
[2024-01-04T13:39:22.967+0100][gc,marking   ] GC(2) Concurrent Clear Claimed Marks 0,051ms
[2024-01-04T13:39:22.967+0100][gc,marking   ] GC(2) Concurrent Scan Root Regions
[2024-01-04T13:39:22.970+0100][gc,marking   ] GC(2) Concurrent Scan Root Regions 3,138ms
[2024-01-04T13:39:22.970+0100][gc,marking   ] GC(2) Concurrent Mark (6,541s)
[2024-01-04T13:39:22.970+0100][gc,marking   ] GC(2) Concurrent Mark From Roots
[2024-01-04T13:39:22.970+0100][gc,task      ] GC(2) Using 1 workers of 1 for marking
[2024-01-04T13:39:23.261+0100][gc,marking   ] GC(2) Concurrent Mark From Roots 291,289ms
[2024-01-04T13:39:23.261+0100][gc,marking   ] GC(2) Concurrent Preclean
[2024-01-04T13:39:23.266+0100][gc,marking   ] GC(2) Concurrent Preclean 4,814ms
[2024-01-04T13:39:23.266+0100][gc,marking   ] GC(2) Concurrent Mark (6,541s, 6,837s) 296,198ms
[2024-01-04T13:39:23.292+0100][gc,start     ] GC(2) Pause Remark
[2024-01-04T13:39:23.295+0100][gc,stringtable] GC(2) Cleaned string and symbol table, strings: 5148 processed, 0 removed, symbols: 53398 processed, 59 removed
[2024-01-04T13:39:23.296+0100][gc            ] GC(2) Pause Remark 11M->11M(1024M) 3,711ms
[2024-01-04T13:39:23.296+0100][gc,cpu        ] GC(2) User=0,01s Sys=0,00s Real=0,00s
[2024-01-04T13:39:23.296+0100][gc,marking    ] GC(2) Concurrent Rebuild Remembered Sets
[2024-01-04T13:39:23.306+0100][gc,marking    ] GC(2) Concurrent Rebuild Remembered Sets 9,637ms
[2024-01-04T13:39:23.306+0100][gc,start      ] GC(2) Pause Cleanup
[2024-01-04T13:39:23.307+0100][gc            ] GC(2) Pause Cleanup 11M->11M(1024M) 0,400ms
[2024-01-04T13:39:23.307+0100][gc,cpu        ] GC(2) User=0,00s Sys=0,00s Real=0,00s
[2024-01-04T13:39:23.307+0100][gc,marking    ] GC(2) Concurrent Cleanup for Next Mark
[2024-01-04T13:39:23.323+0100][gc,marking    ] GC(2) Concurrent Cleanup for Next Mark 15,803ms
[2024-01-04T13:39:23.323+0100][gc            ] GC(2) Concurrent Cycle 356,121ms
[2024-01-04T13:39:27.890+0100][gc,start      ] GC(3) Pause Young (Concurrent Start) (G1 Evacuation Pause)
[2024-01-04T13:39:27.890+0100][gc,task       ] GC(3) Using 2 workers of 2 for evacuation
[2024-01-04T13:39:27.902+0100][gc,phases     ] GC(3)   Pre Evacuate Collection Set: 0,1ms
[2024-01-04T13:39:27.902+0100][gc,phases     ] GC(3)   Evacuate Collection Set: 11,0ms
[2024-01-04T13:39:27.902+0100][gc,phases     ] GC(3)   Post Evacuate Collection Set: 0,3ms
[2024-01-04T13:39:27.902+0100][gc,phases     ] GC(3)   Other: 0,5ms
[2024-01-04T13:39:27.902+0100][gc,heap       ] GC(3) Eden regions: 50->0(47)
[2024-01-04T13:39:27.902+0100][gc,heap       ] GC(3) Survivor regions: 1->4(7)
[2024-01-04T13:39:27.902+0100][gc,heap       ] GC(3) Old regions: 9->9
[2024-01-04T13:39:27.902+0100][gc,heap       ] GC(3) Humongous regions: 129->129
[2024-01-04T13:39:27.902+0100][gc,metaspace  ] GC(3) Metaspace: 28930K(30080K)->28930K(30080K) NonClass: 25214K(25856K)->25214K(25856K) Class: 3715K(4224K)->3715K(4224K)
[2024-01-04T13:39:27.902+0100][gc            ] GC(3) Pause Young (Concurrent Start) (G1 Evacuation Pause) 187M->139M(1024M) 12,158ms
[2024-01-04T13:39:27.902+0100][gc,cpu        ] GC(3) User=0,01s Sys=0,00s Real=0,02s
[2024-01-04T13:39:27.902+0100][gc            ] GC(4) Concurrent Cycle
[2024-01-04T13:39:27.902+0100][gc,marking    ] GC(4) Concurrent Clear Claimed Marks
[2024-01-04T13:39:27.902+0100][gc,marking    ] GC(4) Concurrent Clear Claimed Marks 0,063ms
[2024-01-04T13:39:27.902+0100][gc,marking    ] GC(4) Concurrent Scan Root Regions
[2024-01-04T13:39:27.905+0100][gc,marking    ] GC(4) Concurrent Scan Root Regions 2,900ms
[2024-01-04T13:39:27.905+0100][gc,marking    ] GC(4) Concurrent Mark (11,477s)
[2024-01-04T13:39:27.905+0100][gc,marking    ] GC(4) Concurrent Mark From Roots
[2024-01-04T13:39:27.905+0100][gc,task       ] GC(4) Using 1 workers of 1 for marking
[2024-01-04T13:39:27.915+0100][gc,marking    ] GC(4) Concurrent Mark From Roots 9,623ms
[2024-01-04T13:39:27.915+0100][gc,marking    ] GC(4) Concurrent Preclean
[2024-01-04T13:39:27.915+0100][gc,marking    ] GC(4) Concurrent Preclean 0,207ms
[2024-01-04T13:39:27.915+0100][gc,marking    ] GC(4) Concurrent Mark (11,477s, 11,486s) 9,939ms
[2024-01-04T13:39:27.916+0100][gc,start      ] GC(4) Pause Remark
[2024-01-04T13:39:27.922+0100][gc,stringtable] GC(4) Cleaned string and symbol table, strings: 7337 processed, 14 removed, symbols: 67019 processed, 8 removed
[2024-01-04T13:39:27.922+0100][gc            ] GC(4) Pause Remark 140M->140M(1024M) 6,893ms
[2024-01-04T13:39:27.923+0100][gc,cpu        ] GC(4) User=0,00s Sys=0,00s Real=0,01s
[2024-01-04T13:39:27.923+0100][gc,marking    ] GC(4) Concurrent Rebuild Remembered Sets
[2024-01-04T13:39:27.942+0100][gc,marking    ] GC(4) Concurrent Rebuild Remembered Sets 19,426ms
[2024-01-04T13:39:27.942+0100][gc,start      ] GC(4) Pause Cleanup
[2024-01-04T13:39:27.943+0100][gc            ] GC(4) Pause Cleanup 142M->142M(1024M) 0,347ms
[2024-01-04T13:39:27.943+0100][gc,cpu        ] GC(4) User=0,00s Sys=0,00s Real=0,00s
[2024-01-04T13:39:27.943+0100][gc,marking    ] GC(4) Concurrent Cleanup for Next Mark
[2024-01-04T13:39:28.253+0100][gc,marking    ] GC(4) Concurrent Cleanup for Next Mark 310,792ms
[2024-01-04T13:39:28.254+0100][gc            ] GC(4) Concurrent Cycle 351,465ms
[2024-01-04T13:39:30.315+0100][gc,start      ] GC(5) Pause Young (Normal) (G1 Evacuation Pause)
[2024-01-04T13:39:30.315+0100][gc,task       ] GC(5) Using 2 workers of 2 for evacuation
[2024-01-04T13:39:30.422+0100][gc,mmu        ] GC(5) MMU target violated: 21,0ms (20,0ms/21,0ms)
[2024-01-04T13:39:30.422+0100][gc,phases     ] GC(5)   Pre Evacuate Collection Set: 0,0ms
[2024-01-04T13:39:30.422+0100][gc,phases     ] GC(5)   Evacuate Collection Set: 68,7ms
[2024-01-04T13:39:30.422+0100][gc,phases     ] GC(5)   Post Evacuate Collection Set: 37,5ms
[2024-01-04T13:39:30.422+0100][gc,phases     ] GC(5)   Other: 0,3ms
[2024-01-04T13:39:30.422+0100][gc,heap       ] GC(5) Eden regions: 47->0(44)
[2024-01-04T13:39:30.422+0100][gc,heap       ] GC(5) Survivor regions: 4->7(7)
[2024-01-04T13:39:30.422+0100][gc,heap       ] GC(5) Old regions: 9->9
[2024-01-04T13:39:30.422+0100][gc,heap       ] GC(5) Humongous regions: 129->129
[2024-01-04T13:39:30.422+0100][gc,metaspace  ] GC(5) Metaspace: 36764K(38528K)->36764K(38528K) NonClass: 32069K(33024K)->32069K(33024K) Class: 4695K(5504K)->4695K(5504K)
[2024-01-04T13:39:30.422+0100][gc            ] GC(5) Pause Young (Normal) (G1 Evacuation Pause) 186M->142M(1024M) 106,622ms
[2024-01-04T13:39:30.422+0100][gc,cpu        ] GC(5) User=0,03s Sys=0,02s Real=0,11s
[2024-01-04T13:40:12.717+0100][gc,start      ] GC(6) Pause Young (Normal) (G1 Evacuation Pause)
[2024-01-04T13:40:12.717+0100][gc,task       ] GC(6) Using 2 workers of 2 for evacuation
[2024-01-04T13:40:12.740+0100][gc,mmu        ] GC(6) MMU target violated: 21,0ms (20,0ms/21,0ms)
[2024-01-04T13:40:12.740+0100][gc,phases     ] GC(6)   Pre Evacuate Collection Set: 0,3ms
[2024-01-04T13:40:12.740+0100][gc,phases     ] GC(6)   Evacuate Collection Set: 19,7ms
[2024-01-04T13:40:12.740+0100][gc,phases     ] GC(6)   Post Evacuate Collection Set: 2,5ms
[2024-01-04T13:40:12.740+0100][gc,phases     ] GC(6)   Other: 0,4ms
[2024-01-04T13:40:12.740+0100][gc,heap       ] GC(6) Eden regions: 44->0(48)
[2024-01-04T13:40:12.740+0100][gc,heap       ] GC(6) Survivor regions: 7->3(7)
[2024-01-04T13:40:12.740+0100][gc,heap       ] GC(6) Old regions: 9->15
[2024-01-04T13:40:12.740+0100][gc,heap       ] GC(6) Humongous regions: 147->129
[2024-01-04T13:40:12.740+0100][gc,metaspace  ] GC(6) Metaspace: 42989K(45568K)->42989K(45568K) NonClass: 37128K(38400K)->37128K(38400K) Class: 5860K(7168K)->5860K(7168K)
[2024-01-04T13:40:12.740+0100][gc            ] GC(6) Pause Young (Normal) (G1 Evacuation Pause) 204M->145M(1024M) 22,901ms
[2024-01-04T13:40:12.740+0100][gc,cpu        ] GC(6) User=0,03s Sys=0,01s Real=0,03s
[2024-01-04T13:41:47.388+0100][gc,start      ] GC(7) Pause Young (Normal) (G1 Evacuation Pause)
[2024-01-04T13:41:47.388+0100][gc,task       ] GC(7) Using 2 workers of 2 for evacuation
[2024-01-04T13:41:47.407+0100][gc,phases     ] GC(7)   Pre Evacuate Collection Set: 0,0ms
[2024-01-04T13:41:47.407+0100][gc,phases     ] GC(7)   Evacuate Collection Set: 17,1ms
[2024-01-04T13:41:47.407+0100][gc,phases     ] GC(7)   Post Evacuate Collection Set: 0,8ms
[2024-01-04T13:41:47.407+0100][gc,phases     ] GC(7)   Other: 0,3ms
[2024-01-04T13:41:47.407+0100][gc,heap       ] GC(7) Eden regions: 48->0(48)
[2024-01-04T13:41:47.407+0100][gc,heap       ] GC(7) Survivor regions: 3->3(7)
[2024-01-04T13:41:47.407+0100][gc,heap       ] GC(7) Old regions: 15->15
[2024-01-04T13:41:47.407+0100][gc,heap       ] GC(7) Humongous regions: 129->129
[2024-01-04T13:41:47.407+0100][gc,metaspace  ] GC(7) Metaspace: 43725K(46464K)->43725K(46464K) NonClass: 37725K(39168K)->37725K(39168K) Class: 5999K(7296K)->5999K(7296K)
[2024-01-04T13:41:47.407+0100][gc            ] GC(7) Pause Young (Normal) (G1 Evacuation Pause) 193M->145M(1024M) 18,398ms
[2024-01-04T13:41:47.407+0100][gc,cpu        ] GC(7) User=0,01s Sys=0,01s Real=0,01s
[2024-01-04T13:43:30.488+0100][gc,start      ] GC(8) Pause Young (Normal) (G1 Evacuation Pause)
[2024-01-04T13:43:30.488+0100][gc,task       ] GC(8) Using 2 workers of 2 for evacuation
[2024-01-04T13:43:30.496+0100][gc,phases     ] GC(8)   Pre Evacuate Collection Set: 0,1ms
[2024-01-04T13:43:30.496+0100][gc,phases     ] GC(8)   Evacuate Collection Set: 5,1ms
[2024-01-04T13:43:30.496+0100][gc,phases     ] GC(8)   Post Evacuate Collection Set: 2,1ms
[2024-01-04T13:43:30.496+0100][gc,phases     ] GC(8)   Other: 0,5ms
[2024-01-04T13:43:30.496+0100][gc,heap       ] GC(8) Eden regions: 48->0(48)
[2024-01-04T13:43:30.496+0100][gc,heap       ] GC(8) Survivor regions: 3->3(7)
[2024-01-04T13:43:30.496+0100][gc,heap       ] GC(8) Old regions: 15->15
[2024-01-04T13:43:30.496+0100][gc,heap       ] GC(8) Humongous regions: 129->129
[2024-01-04T13:43:30.496+0100][gc,metaspace  ] GC(8) Metaspace: 43798K(46464K)->43798K(46464K) NonClass: 37799K(39168K)->37799K(39168K) Class: 5999K(7296K)->5999K(7296K)
[2024-01-04T13:43:30.496+0100][gc            ] GC(8) Pause Young (Normal) (G1 Evacuation Pause) 193M->145M(1024M) 8,156ms
[2024-01-04T13:43:30.496+0100][gc,cpu        ] GC(8) User=0,01s Sys=0,00s Real=0,01s
[2024-01-04T13:45:07.454+0100][gc,start      ] GC(9) Pause Young (Normal) (G1 Evacuation Pause)
[2024-01-04T13:45:07.454+0100][gc,task       ] GC(9) Using 2 workers of 2 for evacuation
[2024-01-04T13:45:07.461+0100][gc,phases     ] GC(9)   Pre Evacuate Collection Set: 0,1ms
[2024-01-04T13:45:07.461+0100][gc,phases     ] GC(9)   Evacuate Collection Set: 4,9ms
[2024-01-04T13:45:07.461+0100][gc,phases     ] GC(9)   Post Evacuate Collection Set: 0,9ms
[2024-01-04T13:45:07.461+0100][gc,phases     ] GC(9)   Other: 0,5ms
[2024-01-04T13:45:07.461+0100][gc,heap       ] GC(9) Eden regions: 48->0(48)
[2024-01-04T13:45:07.461+0100][gc,heap       ] GC(9) Survivor regions: 3->3(7)
[2024-01-04T13:45:07.461+0100][gc,heap       ] GC(9) Old regions: 15->15
[2024-01-04T13:45:07.461+0100][gc,heap       ] GC(9) Humongous regions: 129->129
[2024-01-04T13:45:07.461+0100][gc,metaspace  ] GC(9) Metaspace: 43837K(46464K)->43837K(46464K) NonClass: 37838K(39168K)->37838K(39168K) Class: 5999K(7296K)->5999K(7296K)
[2024-01-04T13:45:07.461+0100][gc            ] GC(9) Pause Young (Normal) (G1 Evacuation Pause) 193M->145M(1024M) 6,477ms
[2024-01-04T13:45:07.461+0100][gc,cpu        ] GC(9) User=0,00s Sys=0,01s Real=0,01s
[2024-01-04T13:47:00.243+0100][gc,start      ] GC(10) Pause Young (Normal) (G1 Evacuation Pause)
[2024-01-04T13:47:00.243+0100][gc,task       ] GC(10) Using 2 workers of 2 for evacuation
[2024-01-04T13:47:00.249+0100][gc,phases     ] GC(10)   Pre Evacuate Collection Set: 0,1ms
[2024-01-04T13:47:00.250+0100][gc,phases     ] GC(10)   Evacuate Collection Set: 5,1ms
[2024-01-04T13:47:00.250+0100][gc,phases     ] GC(10)   Post Evacuate Collection Set: 0,9ms
[2024-01-04T13:47:00.250+0100][gc,phases     ] GC(10)   Other: 0,3ms
[2024-01-04T13:47:00.250+0100][gc,heap       ] GC(10) Eden regions: 48->0(48)
[2024-01-04T13:47:00.250+0100][gc,heap       ] GC(10) Survivor regions: 3->3(7)
[2024-01-04T13:47:00.250+0100][gc,heap       ] GC(10) Old regions: 15->15
[2024-01-04T13:47:00.250+0100][gc,heap       ] GC(10) Humongous regions: 129->129
[2024-01-04T13:47:00.250+0100][gc,metaspace  ] GC(10) Metaspace: 43873K(46720K)->43873K(46720K) NonClass: 37873K(39424K)->37873K(39424K) Class: 5999K(7296K)->5999K(7296K)
[2024-01-04T13:47:00.250+0100][gc            ] GC(10) Pause Young (Normal) (G1 Evacuation Pause) 193M->145M(1024M) 6,425ms
[2024-01-04T13:47:00.250+0100][gc,cpu        ] GC(10) User=0,00s Sys=0,01s Real=0,01s
