[2024-01-04T01:39:49.636+0100][gc,heap] Heap region size: 1M
[2024-01-04T01:39:49.651+0100][gc     ] Using G1
[2024-01-04T01:39:49.651+0100][gc,heap,coops] Heap address: 0x00000000c0000000, size: 1024 MB, Compressed Oops mode: 32-bit
[2024-01-04T01:39:49.651+0100][gc,cds       ] Mark closed archive regions in map: [0x00000000fff00000, 0x00000000fff6aff8]
[2024-01-04T01:39:49.651+0100][gc,cds       ] Mark open archive regions in map: [0x00000000ffe00000, 0x00000000ffe47ff8]
[2024-01-04T01:39:51.008+0100][gc,start     ] GC(0) Pause Young (Normal) (G1 Evacuation Pause)
[2024-01-04T01:39:51.009+0100][gc,task      ] GC(0) Using 2 workers of 2 for evacuation
[2024-01-04T01:39:51.018+0100][gc,phases    ] GC(0)   Pre Evacuate Collection Set: 0,0ms
[2024-01-04T01:39:51.018+0100][gc,phases    ] GC(0)   Evacuate Collection Set: 7,7ms
[2024-01-04T01:39:51.018+0100][gc,phases    ] GC(0)   Post Evacuate Collection Set: 0,6ms
[2024-01-04T01:39:51.018+0100][gc,phases    ] GC(0)   Other: 1,3ms
[2024-01-04T01:39:51.018+0100][gc,heap      ] GC(0) Eden regions: 51->0(44)
[2024-01-04T01:39:51.018+0100][gc,heap      ] GC(0) Survivor regions: 0->7(7)
[2024-01-04T01:39:51.018+0100][gc,heap      ] GC(0) Old regions: 2->2
[2024-01-04T01:39:51.018+0100][gc,heap      ] GC(0) Humongous regions: 0->0
[2024-01-04T01:39:51.018+0100][gc,metaspace ] GC(0) Metaspace: 14297K(15104K)->14297K(15104K) NonClass: 12295K(12800K)->12295K(12800K) Class: 2002K(2304K)->2002K(2304K)
[2024-01-04T01:39:51.018+0100][gc           ] GC(0) Pause Young (Normal) (G1 Evacuation Pause) 51M->7M(1024M) 9,719ms
[2024-01-04T01:39:51.018+0100][gc,cpu       ] GC(0) User=0,01s Sys=0,01s Real=0,01s
[2024-01-04T01:39:51.537+0100][gc,start     ] GC(1) Pause Young (Concurrent Start) (Metadata GC Threshold)
[2024-01-04T01:39:51.537+0100][gc,task      ] GC(1) Using 2 workers of 2 for evacuation
[2024-01-04T01:39:51.566+0100][gc,mmu       ] GC(1) MMU target violated: 21,0ms (20,0ms/21,0ms)
[2024-01-04T01:39:51.566+0100][gc,phases    ] GC(1)   Pre Evacuate Collection Set: 0,0ms
[2024-01-04T01:39:51.566+0100][gc,phases    ] GC(1)   Evacuate Collection Set: 27,8ms
[2024-01-04T01:39:51.566+0100][gc,phases    ] GC(1)   Post Evacuate Collection Set: 0,7ms
[2024-01-04T01:39:51.566+0100][gc,phases    ] GC(1)   Other: 0,5ms
[2024-01-04T01:39:51.566+0100][gc,heap      ] GC(1) Eden regions: 28->0(50)
[2024-01-04T01:39:51.566+0100][gc,heap      ] GC(1) Survivor regions: 7->1(7)
[2024-01-04T01:39:51.566+0100][gc,heap      ] GC(1) Old regions: 2->9
[2024-01-04T01:39:51.566+0100][gc,heap      ] GC(1) Humongous regions: 0->0
[2024-01-04T01:39:51.566+0100][gc,metaspace ] GC(1) Metaspace: 20531K(21248K)->20531K(21248K) NonClass: 17762K(18176K)->17762K(18176K) Class: 2769K(3072K)->2769K(3072K)
[2024-01-04T01:39:51.566+0100][gc           ] GC(1) Pause Young (Concurrent Start) (Metadata GC Threshold) 34M->8M(1024M) 29,100ms
[2024-01-04T01:39:51.566+0100][gc,cpu       ] GC(1) User=0,01s Sys=0,04s Real=0,04s
[2024-01-04T01:39:51.566+0100][gc           ] GC(2) Concurrent Cycle
[2024-01-04T01:39:51.566+0100][gc,marking   ] GC(2) Concurrent Clear Claimed Marks
[2024-01-04T01:39:51.566+0100][gc,marking   ] GC(2) Concurrent Clear Claimed Marks 0,048ms
[2024-01-04T01:39:51.566+0100][gc,marking   ] GC(2) Concurrent Scan Root Regions
[2024-01-04T01:39:51.567+0100][gc,marking   ] GC(2) Concurrent Scan Root Regions 0,884ms
[2024-01-04T01:39:51.567+0100][gc,marking   ] GC(2) Concurrent Mark (1,941s)
[2024-01-04T01:39:51.567+0100][gc,marking   ] GC(2) Concurrent Mark From Roots
[2024-01-04T01:39:51.567+0100][gc,task      ] GC(2) Using 1 workers of 1 for marking
[2024-01-04T01:39:51.576+0100][gc,marking   ] GC(2) Concurrent Mark From Roots 8,771ms
[2024-01-04T01:39:51.576+0100][gc,marking   ] GC(2) Concurrent Preclean
[2024-01-04T01:39:51.576+0100][gc,marking   ] GC(2) Concurrent Preclean 0,057ms
[2024-01-04T01:39:51.576+0100][gc,marking   ] GC(2) Concurrent Mark (1,941s, 1,950s) 8,879ms
[2024-01-04T01:39:51.583+0100][gc,start     ] GC(2) Pause Remark
[2024-01-04T01:39:51.589+0100][gc,stringtable] GC(2) Cleaned string and symbol table, strings: 5109 processed, 0 removed, symbols: 52240 processed, 59 removed
[2024-01-04T01:39:51.590+0100][gc            ] GC(2) Pause Remark 9M->9M(1024M) 6,564ms
[2024-01-04T01:39:51.590+0100][gc,cpu        ] GC(2) User=0,00s Sys=0,01s Real=0,01s
[2024-01-04T01:39:51.597+0100][gc,marking    ] GC(2) Concurrent Rebuild Remembered Sets
[2024-01-04T01:39:51.628+0100][gc,marking    ] GC(2) Concurrent Rebuild Remembered Sets 31,021ms
[2024-01-04T01:39:51.631+0100][gc,start      ] GC(2) Pause Cleanup
[2024-01-04T01:39:51.632+0100][gc            ] GC(2) Pause Cleanup 10M->10M(1024M) 0,322ms
[2024-01-04T01:39:51.632+0100][gc,cpu        ] GC(2) User=0,00s Sys=0,00s Real=0,00s
[2024-01-04T01:39:51.632+0100][gc,marking    ] GC(2) Concurrent Cleanup for Next Mark
[2024-01-04T01:39:51.661+0100][gc,marking    ] GC(2) Concurrent Cleanup for Next Mark 29,098ms
[2024-01-04T01:39:51.661+0100][gc            ] GC(2) Concurrent Cycle 95,210ms
[2024-01-04T01:39:54.174+0100][gc,start      ] GC(3) Pause Young (Normal) (G1 Evacuation Pause)
[2024-01-04T01:39:54.174+0100][gc,task       ] GC(3) Using 2 workers of 2 for evacuation
[2024-01-04T01:39:54.180+0100][gc,phases     ] GC(3)   Pre Evacuate Collection Set: 0,0ms
[2024-01-04T01:39:54.180+0100][gc,phases     ] GC(3)   Evacuate Collection Set: 4,6ms
[2024-01-04T01:39:54.180+0100][gc,phases     ] GC(3)   Post Evacuate Collection Set: 0,5ms
[2024-01-04T01:39:54.180+0100][gc,phases     ] GC(3)   Other: 0,6ms
[2024-01-04T01:39:54.180+0100][gc,heap       ] GC(3) Eden regions: 50->0(47)
[2024-01-04T01:39:54.180+0100][gc,heap       ] GC(3) Survivor regions: 1->4(7)
[2024-01-04T01:39:54.180+0100][gc,heap       ] GC(3) Old regions: 9->9
[2024-01-04T01:39:54.180+0100][gc,heap       ] GC(3) Humongous regions: 129->129
[2024-01-04T01:39:54.180+0100][gc,metaspace  ] GC(3) Metaspace: 29246K(30336K)->29246K(30336K) NonClass: 25508K(26112K)->25508K(26112K) Class: 3737K(4224K)->3737K(4224K)
[2024-01-04T01:39:54.180+0100][gc            ] GC(3) Pause Young (Normal) (G1 Evacuation Pause) 187M->139M(1024M) 5,861ms
[2024-01-04T01:39:54.180+0100][gc,cpu        ] GC(3) User=0,01s Sys=0,00s Real=0,00s
[2024-01-04T01:39:55.089+0100][gc,start      ] GC(4) Pause Young (Concurrent Start) (Metadata GC Threshold)
[2024-01-04T01:39:55.089+0100][gc,task       ] GC(4) Using 2 workers of 2 for evacuation
[2024-01-04T01:39:55.102+0100][gc,phases     ] GC(4)   Pre Evacuate Collection Set: 0,1ms
[2024-01-04T01:39:55.102+0100][gc,phases     ] GC(4)   Evacuate Collection Set: 12,0ms
[2024-01-04T01:39:55.102+0100][gc,phases     ] GC(4)   Post Evacuate Collection Set: 0,4ms
[2024-01-04T01:39:55.102+0100][gc,phases     ] GC(4)   Other: 0,4ms
[2024-01-04T01:39:55.102+0100][gc,heap       ] GC(4) Eden regions: 33->0(44)
[2024-01-04T01:39:55.102+0100][gc,heap       ] GC(4) Survivor regions: 4->7(7)
[2024-01-04T01:39:55.102+0100][gc,heap       ] GC(4) Old regions: 9->9
[2024-01-04T01:39:55.102+0100][gc,heap       ] GC(4) Humongous regions: 129->129
[2024-01-04T01:39:55.102+0100][gc,metaspace  ] GC(4) Metaspace: 34405K(35840K)->34405K(35840K) NonClass: 30015K(30720K)->30015K(30720K) Class: 4389K(5120K)->4389K(5120K)
[2024-01-04T01:39:55.102+0100][gc            ] GC(4) Pause Young (Concurrent Start) (Metadata GC Threshold) 172M->142M(1024M) 13,001ms
[2024-01-04T01:39:55.102+0100][gc,cpu        ] GC(4) User=0,01s Sys=0,01s Real=0,01s
[2024-01-04T01:39:55.102+0100][gc            ] GC(5) Concurrent Cycle
[2024-01-04T01:39:55.102+0100][gc,marking    ] GC(5) Concurrent Clear Claimed Marks
[2024-01-04T01:39:55.103+0100][gc,marking    ] GC(5) Concurrent Clear Claimed Marks 0,209ms
[2024-01-04T01:39:55.103+0100][gc,marking    ] GC(5) Concurrent Scan Root Regions
[2024-01-04T01:39:55.125+0100][gc,marking    ] GC(5) Concurrent Scan Root Regions 22,405ms
[2024-01-04T01:39:55.125+0100][gc,marking    ] GC(5) Concurrent Mark (5,499s)
[2024-01-04T01:39:55.125+0100][gc,marking    ] GC(5) Concurrent Mark From Roots
[2024-01-04T01:39:55.125+0100][gc,task       ] GC(5) Using 1 workers of 1 for marking
[2024-01-04T01:39:55.159+0100][gc,marking    ] GC(5) Concurrent Mark From Roots 33,468ms
[2024-01-04T01:39:55.159+0100][gc,marking    ] GC(5) Concurrent Preclean
[2024-01-04T01:39:55.159+0100][gc,marking    ] GC(5) Concurrent Preclean 0,054ms
[2024-01-04T01:39:55.159+0100][gc,marking    ] GC(5) Concurrent Mark (5,499s, 5,533s) 33,647ms
[2024-01-04T01:39:55.172+0100][gc,start      ] GC(5) Pause Remark
[2024-01-04T01:39:55.176+0100][gc,stringtable] GC(5) Cleaned string and symbol table, strings: 10639 processed, 11 removed, symbols: 83332 processed, 15 removed
[2024-01-04T01:39:55.177+0100][gc            ] GC(5) Pause Remark 144M->144M(1024M) 4,370ms
[2024-01-04T01:39:55.177+0100][gc,cpu        ] GC(5) User=0,00s Sys=0,01s Real=0,00s
[2024-01-04T01:39:55.177+0100][gc,marking    ] GC(5) Concurrent Rebuild Remembered Sets
[2024-01-04T01:39:55.182+0100][gc,marking    ] GC(5) Concurrent Rebuild Remembered Sets 4,721ms
[2024-01-04T01:39:55.193+0100][gc,start      ] GC(5) Pause Cleanup
[2024-01-04T01:39:55.194+0100][gc            ] GC(5) Pause Cleanup 144M->144M(1024M) 0,241ms
[2024-01-04T01:39:55.194+0100][gc,cpu        ] GC(5) User=0,00s Sys=0,00s Real=0,00s
[2024-01-04T01:39:55.196+0100][gc,marking    ] GC(5) Concurrent Cleanup for Next Mark
[2024-01-04T01:39:55.769+0100][gc,marking    ] GC(5) Concurrent Cleanup for Next Mark 572,477ms
[2024-01-04T01:39:55.769+0100][gc            ] GC(5) Concurrent Cycle 666,584ms
[2024-01-04T01:40:10.582+0100][gc,start      ] GC(6) Pause Young (Concurrent Start) (G1 Evacuation Pause)
[2024-01-04T01:40:10.582+0100][gc,task       ] GC(6) Using 2 workers of 2 for evacuation
[2024-01-04T01:40:10.619+0100][gc,mmu        ] GC(6) MMU target violated: 21,0ms (20,0ms/21,0ms)
[2024-01-04T01:40:10.619+0100][gc,phases     ] GC(6)   Pre Evacuate Collection Set: 0,2ms
[2024-01-04T01:40:10.619+0100][gc,phases     ] GC(6)   Evacuate Collection Set: 35,2ms
[2024-01-04T01:40:10.619+0100][gc,phases     ] GC(6)   Post Evacuate Collection Set: 1,2ms
[2024-01-04T01:40:10.619+0100][gc,phases     ] GC(6)   Other: 0,6ms
[2024-01-04T01:40:10.619+0100][gc,heap       ] GC(6) Eden regions: 44->0(45)
[2024-01-04T01:40:10.619+0100][gc,heap       ] GC(6) Survivor regions: 7->6(7)
[2024-01-04T01:40:10.619+0100][gc,heap       ] GC(6) Old regions: 9->12
[2024-01-04T01:40:10.619+0100][gc,heap       ] GC(6) Humongous regions: 141->129
[2024-01-04T01:40:10.619+0100][gc,metaspace  ] GC(6) Metaspace: 41658K(44032K)->41658K(44032K) NonClass: 35988K(37120K)->35988K(37120K) Class: 5669K(6912K)->5669K(6912K)
[2024-01-04T01:40:10.619+0100][gc            ] GC(6) Pause Young (Concurrent Start) (G1 Evacuation Pause) 198M->144M(1024M) 37,212ms
[2024-01-04T01:40:10.619+0100][gc,cpu        ] GC(6) User=0,03s Sys=0,02s Real=0,03s
[2024-01-04T01:40:10.619+0100][gc            ] GC(7) Concurrent Cycle
[2024-01-04T01:40:10.619+0100][gc,marking    ] GC(7) Concurrent Clear Claimed Marks
[2024-01-04T01:40:10.620+0100][gc,marking    ] GC(7) Concurrent Clear Claimed Marks 0,279ms
[2024-01-04T01:40:10.620+0100][gc,marking    ] GC(7) Concurrent Scan Root Regions
[2024-01-04T01:40:10.626+0100][gc,marking    ] GC(7) Concurrent Scan Root Regions 6,206ms
[2024-01-04T01:40:10.626+0100][gc,marking    ] GC(7) Concurrent Mark (21,000s)
[2024-01-04T01:40:10.626+0100][gc,marking    ] GC(7) Concurrent Mark From Roots
[2024-01-04T01:40:10.626+0100][gc,task       ] GC(7) Using 1 workers of 1 for marking
[2024-01-04T01:40:10.643+0100][gc,marking    ] GC(7) Concurrent Mark From Roots 17,206ms
[2024-01-04T01:40:10.643+0100][gc,marking    ] GC(7) Concurrent Preclean
[2024-01-04T01:40:10.643+0100][gc,marking    ] GC(7) Concurrent Preclean 0,078ms
[2024-01-04T01:40:10.643+0100][gc,marking    ] GC(7) Concurrent Mark (21,000s, 21,017s) 17,349ms
[2024-01-04T01:40:10.644+0100][gc,start      ] GC(7) Pause Remark
[2024-01-04T01:40:10.648+0100][gc,stringtable] GC(7) Cleaned string and symbol table, strings: 11851 processed, 1 removed, symbols: 92714 processed, 1 removed
[2024-01-04T01:40:10.649+0100][gc            ] GC(7) Pause Remark 145M->145M(1024M) 4,904ms
[2024-01-04T01:40:10.649+0100][gc,cpu        ] GC(7) User=0,00s Sys=0,01s Real=0,01s
[2024-01-04T01:40:10.649+0100][gc,marking    ] GC(7) Concurrent Rebuild Remembered Sets
[2024-01-04T01:40:10.686+0100][gc,marking    ] GC(7) Concurrent Rebuild Remembered Sets 37,258ms
[2024-01-04T01:40:10.687+0100][gc,start      ] GC(7) Pause Cleanup
[2024-01-04T01:40:10.688+0100][gc            ] GC(7) Pause Cleanup 145M->145M(1024M) 1,374ms
[2024-01-04T01:40:10.688+0100][gc,cpu        ] GC(7) User=0,00s Sys=0,00s Real=0,00s
[2024-01-04T01:40:10.689+0100][gc,marking    ] GC(7) Concurrent Cleanup for Next Mark
[2024-01-04T01:40:10.692+0100][gc,marking    ] GC(7) Concurrent Cleanup for Next Mark 3,429ms
[2024-01-04T01:40:10.692+0100][gc            ] GC(7) Concurrent Cycle 72,785ms
[2024-01-04T01:41:56.403+0100][gc,start      ] GC(8) Pause Young (Normal) (G1 Evacuation Pause)
[2024-01-04T01:41:56.403+0100][gc,task       ] GC(8) Using 2 workers of 2 for evacuation
[2024-01-04T01:41:56.430+0100][gc,mmu        ] GC(8) MMU target violated: 21,0ms (20,0ms/21,0ms)
[2024-01-04T01:41:56.430+0100][gc,phases     ] GC(8)   Pre Evacuate Collection Set: 0,1ms
[2024-01-04T01:41:56.430+0100][gc,phases     ] GC(8)   Evacuate Collection Set: 24,4ms
[2024-01-04T01:41:56.430+0100][gc,phases     ] GC(8)   Post Evacuate Collection Set: 1,3ms
[2024-01-04T01:41:56.430+0100][gc,phases     ] GC(8)   Other: 0,7ms
[2024-01-04T01:41:56.430+0100][gc,heap       ] GC(8) Eden regions: 45->0(47)
[2024-01-04T01:41:56.430+0100][gc,heap       ] GC(8) Survivor regions: 6->4(7)
[2024-01-04T01:41:56.430+0100][gc,heap       ] GC(8) Old regions: 12->15
[2024-01-04T01:41:56.430+0100][gc,heap       ] GC(8) Humongous regions: 129->129
[2024-01-04T01:41:56.430+0100][gc,metaspace  ] GC(8) Metaspace: 42873K(45568K)->42873K(45568K) NonClass: 37022K(38400K)->37022K(38400K) Class: 5850K(7168K)->5850K(7168K)
[2024-01-04T01:41:56.430+0100][gc            ] GC(8) Pause Young (Normal) (G1 Evacuation Pause) 189M->145M(1024M) 26,449ms
[2024-01-04T01:41:56.430+0100][gc,cpu        ] GC(8) User=0,02s Sys=0,01s Real=0,03s
[2024-01-04T01:43:30.211+0100][gc,start      ] GC(9) Pause Young (Normal) (G1 Evacuation Pause)
[2024-01-04T01:43:30.211+0100][gc,task       ] GC(9) Using 2 workers of 2 for evacuation
[2024-01-04T01:43:30.216+0100][gc,phases     ] GC(9)   Pre Evacuate Collection Set: 0,0ms
[2024-01-04T01:43:30.216+0100][gc,phases     ] GC(9)   Evacuate Collection Set: 4,2ms
[2024-01-04T01:43:30.216+0100][gc,phases     ] GC(9)   Post Evacuate Collection Set: 0,6ms
[2024-01-04T01:43:30.216+0100][gc,phases     ] GC(9)   Other: 0,2ms
[2024-01-04T01:43:30.216+0100][gc,heap       ] GC(9) Eden regions: 47->0(48)
[2024-01-04T01:43:30.216+0100][gc,heap       ] GC(9) Survivor regions: 4->3(7)
[2024-01-04T01:43:30.216+0100][gc,heap       ] GC(9) Old regions: 15->15
[2024-01-04T01:43:30.216+0100][gc,heap       ] GC(9) Humongous regions: 129->129
[2024-01-04T01:43:30.216+0100][gc,metaspace  ] GC(9) Metaspace: 42974K(45568K)->42974K(45568K) NonClass: 37123K(38400K)->37123K(38400K) Class: 5850K(7168K)->5850K(7168K)
[2024-01-04T01:43:30.216+0100][gc            ] GC(9) Pause Young (Normal) (G1 Evacuation Pause) 192M->145M(1024M) 5,116ms
[2024-01-04T01:43:30.216+0100][gc,cpu        ] GC(9) User=0,00s Sys=0,01s Real=0,00s
[2024-01-04T01:51:12.133+0100][gc,heap,exit  ] Heap
[2024-01-04T01:51:12.133+0100][gc,heap,exit  ]  garbage-first heap   total 1048576K, used 191676K [0x00000000c0000000, 0x0000000100000000)
[2024-01-04T01:51:12.133+0100][gc,heap,exit  ]   region size 1024K, 47 young (48128K), 3 survivors (3072K)
[2024-01-04T01:51:12.133+0100][gc,heap,exit  ]  Metaspace       used 43978K, capacity 46692K, committed 46976K, reserved 1089536K
[2024-01-04T01:51:12.133+0100][gc,heap,exit  ]   class space    used 6088K, capacity 7428K, committed 7552K, reserved 1048576K
