[2024-01-04T00:47:54.194+0100][gc,heap] Heap region size: 1M
[2024-01-04T00:47:54.205+0100][gc     ] Using G1
[2024-01-04T00:47:54.205+0100][gc,heap,coops] Heap address: 0x00000000e0000000, size: 512 MB, Compressed Oops mode: 32-bit
[2024-01-04T00:47:54.206+0100][gc,cds       ] Mark closed archive regions in map: [0x00000000fff00000, 0x00000000fff6aff8]
[2024-01-04T00:47:54.206+0100][gc,cds       ] Mark open archive regions in map: [0x00000000ffe00000, 0x00000000ffe47ff8]
[2024-01-04T00:47:56.008+0100][gc,start     ] GC(0) Pause Young (Normal) (G1 Evacuation Pause)
[2024-01-04T00:47:56.010+0100][gc,task      ] GC(0) Using 2 workers of 2 for evacuation
[2024-01-04T00:47:56.038+0100][gc,mmu       ] GC(0) MMU target violated: 21,0ms (20,0ms/21,0ms)
[2024-01-04T00:47:56.038+0100][gc,phases    ] GC(0)   Pre Evacuate Collection Set: 0,0ms
[2024-01-04T00:47:56.038+0100][gc,phases    ] GC(0)   Evacuate Collection Set: 26,2ms
[2024-01-04T00:47:56.038+0100][gc,phases    ] GC(0)   Post Evacuate Collection Set: 0,5ms
[2024-01-04T00:47:56.038+0100][gc,phases    ] GC(0)   Other: 3,5ms
[2024-01-04T00:47:56.038+0100][gc,heap      ] GC(0) Eden regions: 25->0(21)
[2024-01-04T00:47:56.038+0100][gc,heap      ] GC(0) Survivor regions: 0->4(4)
[2024-01-04T00:47:56.038+0100][gc,heap      ] GC(0) Old regions: 2->5
[2024-01-04T00:47:56.038+0100][gc,heap      ] GC(0) Humongous regions: 0->0
[2024-01-04T00:47:56.038+0100][gc,metaspace ] GC(0) Metaspace: 7295K(7936K)->7295K(7936K) NonClass: 6477K(6912K)->6477K(6912K) Class: 818K(1024K)->818K(1024K)
[2024-01-04T00:47:56.038+0100][gc           ] GC(0) Pause Young (Normal) (G1 Evacuation Pause) 25M->7M(512M) 30,332ms
[2024-01-04T00:47:56.039+0100][gc,cpu       ] GC(0) User=0,02s Sys=0,00s Real=0,03s
[2024-01-04T00:49:20.342+0100][gc,heap,exit ] Heap
[2024-01-04T00:49:20.342+0100][gc,heap,exit ]  garbage-first heap   total 524288K, used 16788K [0x00000000e0000000, 0x0000000100000000)
[2024-01-04T00:49:20.342+0100][gc,heap,exit ]   region size 1024K, 14 young (14336K), 4 survivors (4096K)
[2024-01-04T00:49:20.342+0100][gc,heap,exit ]  Metaspace       used 8646K, capacity 8974K, committed 9088K, reserved 1056768K
[2024-01-04T00:49:20.342+0100][gc,heap,exit ]   class space    used 967K, capacity 1088K, committed 1152K, reserved 1048576K
