[2024-01-04T01:39:33.941+0100][gc,heap] Heap region size: 1M
[2024-01-04T01:39:33.958+0100][gc     ] Using G1
[2024-01-04T01:39:33.958+0100][gc,heap,coops] Heap address: 0x00000000e0000000, size: 512 MB, Compressed Oops mode: 32-bit
[2024-01-04T01:39:33.958+0100][gc,cds       ] Mark closed archive regions in map: [0x00000000fff00000, 0x00000000fff6aff8]
[2024-01-04T01:39:33.958+0100][gc,cds       ] Mark open archive regions in map: [0x00000000ffe00000, 0x00000000ffe47ff8]
[2024-01-04T01:39:34.760+0100][gc,start     ] GC(0) Pause Young (Normal) (G1 Evacuation Pause)
[2024-01-04T01:39:34.761+0100][gc,task      ] GC(0) Using 2 workers of 2 for evacuation
[2024-01-04T01:39:34.769+0100][gc,phases    ] GC(0)   Pre Evacuate Collection Set: 0,0ms
[2024-01-04T01:39:34.769+0100][gc,phases    ] GC(0)   Evacuate Collection Set: 7,5ms
[2024-01-04T01:39:34.769+0100][gc,phases    ] GC(0)   Post Evacuate Collection Set: 0,6ms
[2024-01-04T01:39:34.769+0100][gc,phases    ] GC(0)   Other: 1,1ms
[2024-01-04T01:39:34.769+0100][gc,heap      ] GC(0) Eden regions: 25->0(21)
[2024-01-04T01:39:34.769+0100][gc,heap      ] GC(0) Survivor regions: 0->4(4)
[2024-01-04T01:39:34.769+0100][gc,heap      ] GC(0) Old regions: 2->5
[2024-01-04T01:39:34.769+0100][gc,heap      ] GC(0) Humongous regions: 0->0
[2024-01-04T01:39:34.770+0100][gc,metaspace ] GC(0) Metaspace: 7247K(7936K)->7247K(7936K) NonClass: 6431K(6912K)->6431K(6912K) Class: 815K(1024K)->815K(1024K)
[2024-01-04T01:39:34.770+0100][gc           ] GC(0) Pause Young (Normal) (G1 Evacuation Pause) 25M->7M(512M) 9,310ms
[2024-01-04T01:39:34.770+0100][gc,cpu       ] GC(0) User=0,01s Sys=0,00s Real=0,01s
[2024-01-04T01:51:07.480+0100][gc,heap,exit ] Heap
[2024-01-04T01:51:07.481+0100][gc,heap,exit ]  garbage-first heap   total 524288K, used 19884K [0x00000000e0000000, 0x0000000100000000)
[2024-01-04T01:51:07.481+0100][gc,heap,exit ]   region size 1024K, 17 young (17408K), 4 survivors (4096K)
[2024-01-04T01:51:07.481+0100][gc,heap,exit ]  Metaspace       used 8907K, capacity 9242K, committed 9600K, reserved 1058816K
[2024-01-04T01:51:07.481+0100][gc,heap,exit ]   class space    used 971K, capacity 1088K, committed 1152K, reserved 1048576K
