[2024-01-04T02:15:30.216+0100][gc,heap] Heap region size: 1M
[2024-01-04T02:15:30.221+0100][gc     ] Using G1
[2024-01-04T02:15:30.222+0100][gc,heap,coops] Heap address: 0x00000000e0000000, size: 512 MB, Compressed Oops mode: 32-bit
[2024-01-04T02:15:30.222+0100][gc,cds       ] Mark closed archive regions in map: [0x00000000fff00000, 0x00000000fff6aff8]
[2024-01-04T02:15:30.222+0100][gc,cds       ] Mark open archive regions in map: [0x00000000ffe00000, 0x00000000ffe47ff8]
[2024-01-04T02:15:31.382+0100][gc,start     ] GC(0) Pause Young (Normal) (G1 Evacuation Pause)
[2024-01-04T02:15:31.383+0100][gc,task      ] GC(0) Using 2 workers of 2 for evacuation
[2024-01-04T02:15:31.396+0100][gc,phases    ] GC(0)   Pre Evacuate Collection Set: 0,0ms
[2024-01-04T02:15:31.396+0100][gc,phases    ] GC(0)   Evacuate Collection Set: 13,4ms
[2024-01-04T02:15:31.396+0100][gc,phases    ] GC(0)   Post Evacuate Collection Set: 0,2ms
[2024-01-04T02:15:31.396+0100][gc,phases    ] GC(0)   Other: 0,6ms
[2024-01-04T02:15:31.396+0100][gc,heap      ] GC(0) Eden regions: 25->0(21)
[2024-01-04T02:15:31.397+0100][gc,heap      ] GC(0) Survivor regions: 0->4(4)
[2024-01-04T02:15:31.397+0100][gc,heap      ] GC(0) Old regions: 2->5
[2024-01-04T02:15:31.397+0100][gc,heap      ] GC(0) Humongous regions: 0->0
[2024-01-04T02:15:31.397+0100][gc,metaspace ] GC(0) Metaspace: 7218K(7680K)->7218K(7680K) NonClass: 6404K(6656K)->6404K(6656K) Class: 813K(1024K)->813K(1024K)
[2024-01-04T02:15:31.397+0100][gc           ] GC(0) Pause Young (Normal) (G1 Evacuation Pause) 25M->7M(512M) 14,343ms
[2024-01-04T02:15:31.397+0100][gc,cpu       ] GC(0) User=0,02s Sys=0,01s Real=0,01s
[2024-01-04T13:27:23.074+0100][gc,heap,exit ] Heap
[2024-01-04T13:27:23.076+0100][gc,heap,exit ]  garbage-first heap   total 524288K, used 22896K [0x00000000e0000000, 0x0000000100000000)
[2024-01-04T13:27:23.076+0100][gc,heap,exit ]   region size 1024K, 20 young (20480K), 4 survivors (4096K)
[2024-01-04T13:27:23.076+0100][gc,heap,exit ]  Metaspace       used 9169K, capacity 9498K, committed 9856K, reserved 1058816K
[2024-01-04T13:27:23.076+0100][gc,heap,exit ]   class space    used 970K, capacity 1088K, committed 1152K, reserved 1048576K
