[2024-01-04T01:58:06.181+0100][gc,heap] Heap region size: 1M
[2024-01-04T01:58:06.254+0100][gc     ] Using G1
[2024-01-04T01:58:06.254+0100][gc,heap,coops] Heap address: 0x00000000e0000000, size: 512 MB, Compressed Oops mode: 32-bit
[2024-01-04T01:58:06.254+0100][gc,cds       ] Mark closed archive regions in map: [0x00000000fff00000, 0x00000000fff6aff8]
[2024-01-04T01:58:06.254+0100][gc,cds       ] Mark open archive regions in map: [0x00000000ffe00000, 0x00000000ffe47ff8]
[2024-01-04T01:58:08.019+0100][gc,start     ] GC(0) Pause Young (Normal) (G1 Evacuation Pause)
[2024-01-04T01:58:08.026+0100][gc,task      ] GC(0) Using 2 workers of 2 for evacuation
[2024-01-04T01:58:08.065+0100][gc,mmu       ] GC(0) MMU target violated: 21,0ms (20,0ms/21,0ms)
[2024-01-04T01:58:08.070+0100][gc,phases    ] GC(0)   Pre Evacuate Collection Set: 0,0ms
[2024-01-04T01:58:08.071+0100][gc,phases    ] GC(0)   Evacuate Collection Set: 38,4ms
[2024-01-04T01:58:08.071+0100][gc,phases    ] GC(0)   Post Evacuate Collection Set: 0,5ms
[2024-01-04T01:58:08.071+0100][gc,phases    ] GC(0)   Other: 13,0ms
[2024-01-04T01:58:08.071+0100][gc,heap      ] GC(0) Eden regions: 25->0(21)
[2024-01-04T01:58:08.071+0100][gc,heap      ] GC(0) Survivor regions: 0->4(4)
[2024-01-04T01:58:08.071+0100][gc,heap      ] GC(0) Old regions: 2->5
[2024-01-04T01:58:08.071+0100][gc,heap      ] GC(0) Humongous regions: 0->0
[2024-01-04T01:58:08.071+0100][gc,metaspace ] GC(0) Metaspace: 7564K(8192K)->7564K(8192K) NonClass: 6726K(7168K)->6726K(7168K) Class: 838K(1024K)->838K(1024K)
[2024-01-04T01:58:08.071+0100][gc           ] GC(0) Pause Young (Normal) (G1 Evacuation Pause) 25M->7M(512M) 51,929ms
[2024-01-04T01:58:08.071+0100][gc,cpu       ] GC(0) User=0,01s Sys=0,02s Real=0,05s
[2024-01-04T02:09:31.696+0100][gc,heap,exit ] Heap
[2024-01-04T02:09:31.696+0100][gc,heap,exit ]  garbage-first heap   total 524288K, used 17893K [0x00000000e0000000, 0x0000000100000000)
[2024-01-04T02:09:31.696+0100][gc,heap,exit ]   region size 1024K, 15 young (15360K), 4 survivors (4096K)
[2024-01-04T02:09:31.696+0100][gc,heap,exit ]  Metaspace       used 8941K, capacity 9273K, committed 9344K, reserved 1056768K
[2024-01-04T02:09:31.696+0100][gc,heap,exit ]   class space    used 972K, capacity 1120K, committed 1152K, reserved 1048576K
